Component: ARM Compiler 5.06 update 6 (build 750) Tool: armlink [4d35ed]

==============================================================================

Section Cross References

    main.o(.text) refers to io_expander.o(.text) for io_expander_byte_write
    main.o(.text) refers to lcd.o(.text) for lcd_draw_image
    main.o(.text) refers to ft6x06.o(.text) for ft6x06_read_td_status
    main.o(.text) refers to project_hardware_init.o(.text) for init_hardware
    main.o(.text) refers to main.o(.data) for JUMP
    main.o(.text) refers to project_images.o(.constdata) for start_btnBitmaps
    project_hardware_init.o(.text) refers to lcd.o(.text) for lcd_config_gpio
    project_hardware_init.o(.text) refers to launchpad_io.o(.text) for lp_io_init
    project_hardware_init.o(.text) refers to ps2.o(.text) for ps2_initialize
    project_hardware_init.o(.text) refers to uart.o(.text) for uart_init
    project_hardware_init.o(.text) refers to ft6x06.o(.text) for ft6x06_init
    project_hardware_init.o(.text) refers to io_expander.o(.text) for io_expander_init
    project_hardware_init.o(.text) refers to gpio_port.o(.text) for gpio_enable_port
    project_interrupts.o(.text) refers to project_interrupts.o(.data) for PS2_X_DATA
    io_expander.o(.text) refers to i2c.o(.text) for i2cVerifyBaseAddr
    io_expander.o(.text) refers to gpio_port.o(.text) for gpio_enable_port
    pc_buffer.o(.text) refers to malloc.o(i.malloc) for malloc
    accel.o(.text) refers to spi_select.o(.text) for spi_select_init
    accel.o(.text) refers to gpio_port.o(.text) for gpio_enable_port
    accel.o(.text) refers to spi.o(.text) for initialize_spi
    eeprom.o(.text) refers to i2c.o(.text) for i2cVerifyBaseAddr
    eeprom.o(.text) refers to gpio_port.o(.text) for gpio_enable_port
    ft6x06.o(.text) refers to i2c.o(.text) for I2CMasterBusy
    ft6x06.o(.text) refers to gpio_port.o(.text) for gpio_enable_port
    lcd.o(.text) refers to lcd.o(i.lcd_write_data_u16) for lcd_write_data_u16
    lcd.o(.text) refers to gpio_port.o(.text) for gpio_enable_port
    ps2.o(.text) refers to gpio_port.o(.text) for gpio_enable_port
    ps2.o(.text) refers to adc.o(.text) for initialize_adc
    serial_debug.o(.text) refers to gpio_port.o(.text) for gpio_enable_port
    serial_debug.o(.text) refers to pc_buffer.o(.text) for pc_buffer_init
    serial_debug.o(.text) refers to uart.o(.text) for uart_init
    serial_debug.o(.text) refers to main.o(.text) for DisableInterrupts
    serial_debug.o(.text) refers to serial_debug.o(.data) for Rx_Interrupts_Enabled
    serial_debug.o(.text) refers to serial_debug.o(.bss) for UART0_Tx_Buffer
    serial_debug.o(.text) refers to stdout.o(.data) for __stdout
    spi_select.o(.text) refers to gpio_port.o(.text) for gpio_enable_port
    startup_tm4c123.o(RESET) refers to startup_tm4c123.o(STACK) for __initial_sp
    startup_tm4c123.o(RESET) refers to startup_tm4c123.o(.text) for Reset_Handler
    startup_tm4c123.o(RESET) refers to serial_debug.o(.text) for UART0_Handler
    startup_tm4c123.o(RESET) refers to project_interrupts.o(.text) for TIMER2A_Handler
    startup_tm4c123.o(.text) refers to system_tm4c123.o(.text) for SystemInit
    startup_tm4c123.o(.text) refers to entry.o(.ARM.Collect$$$$00000000) for __main
    system_tm4c123.o(.text) refers to system_tm4c123.o(.data) for SystemCoreClock
    entry.o(.ARM.Collect$$$$00000000) refers (Special) to entry10a.o(.ARM.Collect$$$$0000000D) for __rt_final_cpp
    entry.o(.ARM.Collect$$$$00000000) refers (Special) to entry11a.o(.ARM.Collect$$$$0000000F) for __rt_final_exit
    entry.o(.ARM.Collect$$$$00000000) refers (Special) to entry7b.o(.ARM.Collect$$$$00000008) for _main_clock
    entry.o(.ARM.Collect$$$$00000000) refers (Special) to entry8b.o(.ARM.Collect$$$$0000000A) for _main_cpp_init
    entry.o(.ARM.Collect$$$$00000000) refers (Special) to entry9a.o(.ARM.Collect$$$$0000000B) for _main_init
    entry.o(.ARM.Collect$$$$00000000) refers (Special) to entry5.o(.ARM.Collect$$$$00000004) for _main_scatterload
    entry.o(.ARM.Collect$$$$00000000) refers (Special) to entry2.o(.ARM.Collect$$$$00000001) for _main_stk
    malloc.o(i.free) refers to mvars.o(.data) for __microlib_freelist
    malloc.o(i.malloc) refers to mvars.o(.data) for __microlib_freelist_initialised
    malloc.o(i.malloc) refers to mvars.o(.data) for __microlib_freelist
    malloc.o(i.malloc) refers to startup_tm4c123.o(HEAP) for __heap_base
    mallocr.o(i.__free$realloc) refers to mvars.o(.data) for __microlib_freelist
    mallocr.o(i.__malloc$realloc) refers to mallocr.o(i.internal_alloc) for internal_alloc
    mallocr.o(i.__malloc$realloc) refers to mvars.o(.data) for __microlib_freelist_initialised
    mallocr.o(i.__malloc$realloc) refers to startup_tm4c123.o(HEAP) for __heap_base
    mallocr.o(i.__malloc$realloc) refers to mvars.o(.data) for __microlib_freelist
    mallocr.o(i.internal_alloc) refers to memcpya.o(.text) for __aeabi_memcpy
    mallocr.o(i.internal_alloc) refers to mvars.o(.data) for __microlib_freelist
    mallocr.o(i.realloc) refers to mallocr.o(i.__free$realloc) for __free$realloc
    mallocr.o(i.realloc) refers to mallocr.o(i.internal_alloc) for internal_alloc
    mallocr.o(i.realloc) refers to mallocr.o(i.__malloc$realloc) for __malloc$realloc
    mallocr.o(i.realloc) refers to mvars.o(.data) for __microlib_freelist
    malloca.o(i.__aligned_malloc) refers to mvars.o(.data) for __microlib_freelist_initialised
    malloca.o(i.__aligned_malloc) refers to mvars.o(.data) for __microlib_freelist
    malloca.o(i.__aligned_malloc) refers to startup_tm4c123.o(HEAP) for __heap_base
    malloca.o(i.__free$memalign) refers to mvars.o(.data) for __microlib_freelist
    malloca.o(i.__malloc$memalign) refers to malloca.o(i.__aligned_malloc) for __aligned_malloc
    mallocra.o(i.__aligned_malloc$realloc) refers to mallocra.o(i.internal_alloc) for internal_alloc
    mallocra.o(i.__aligned_malloc$realloc) refers to mvars.o(.data) for __microlib_freelist_initialised
    mallocra.o(i.__aligned_malloc$realloc) refers to startup_tm4c123.o(HEAP) for __heap_base
    mallocra.o(i.__aligned_malloc$realloc) refers to mvars.o(.data) for __microlib_freelist
    mallocra.o(i.__free$realloc$memalign) refers to mvars.o(.data) for __microlib_freelist
    mallocra.o(i.__malloc$realloc$memalign) refers to mallocra.o(i.__aligned_malloc$realloc) for __aligned_malloc$realloc
    mallocra.o(i.__realloc$memalign) refers to mallocra.o(i.__free$realloc$memalign) for __free$realloc$memalign
    mallocra.o(i.__realloc$memalign) refers to mallocra.o(i.internal_alloc) for internal_alloc
    mallocra.o(i.__realloc$memalign) refers to mallocra.o(i.__malloc$realloc$memalign) for __malloc$realloc$memalign
    mallocra.o(i.__realloc$memalign) refers to mvars.o(.data) for __microlib_freelist
    mallocra.o(i.internal_alloc) refers to memcpya.o(.text) for __aeabi_memcpy
    mallocra.o(i.internal_alloc) refers to mvars.o(.data) for __microlib_freelist
    entry2.o(.ARM.Collect$$$$00000001) refers to entry2.o(.ARM.Collect$$$$00002712) for __lit__00000000
    entry2.o(.ARM.Collect$$$$00002712) refers to startup_tm4c123.o(STACK) for __initial_sp
    entry2.o(__vectab_stack_and_reset_area) refers to startup_tm4c123.o(STACK) for __initial_sp
    entry2.o(__vectab_stack_and_reset_area) refers to entry.o(.ARM.Collect$$$$00000000) for __main
    entry5.o(.ARM.Collect$$$$00000004) refers to init.o(.text) for __scatterload
    entry9a.o(.ARM.Collect$$$$0000000B) refers to main.o(.text) for main
    entry9b.o(.ARM.Collect$$$$0000000C) refers to main.o(.text) for main
    init.o(.text) refers to entry5.o(.ARM.Collect$$$$00000004) for __main_after_scatterload


==============================================================================

Removing Unused input sections from the image.

    Removing main.o(.rev16_text), (4 bytes).
    Removing main.o(.revsh_text), (4 bytes).
    Removing main.o(.rrx_text), (6 bytes).
    Removing project_hardware_init.o(.rev16_text), (4 bytes).
    Removing project_hardware_init.o(.revsh_text), (4 bytes).
    Removing project_hardware_init.o(.rrx_text), (6 bytes).
    Removing project_interrupts.o(.rev16_text), (4 bytes).
    Removing project_interrupts.o(.revsh_text), (4 bytes).
    Removing project_interrupts.o(.rrx_text), (6 bytes).
    Removing io_expander.o(.rev16_text), (4 bytes).
    Removing io_expander.o(.revsh_text), (4 bytes).
    Removing io_expander.o(.rrx_text), (6 bytes).
    Removing adc.o(.rev16_text), (4 bytes).
    Removing adc.o(.revsh_text), (4 bytes).
    Removing adc.o(.rrx_text), (6 bytes).
    Removing gpio_port.o(.rev16_text), (4 bytes).
    Removing gpio_port.o(.revsh_text), (4 bytes).
    Removing gpio_port.o(.rrx_text), (6 bytes).
    Removing i2c.o(.rev16_text), (4 bytes).
    Removing i2c.o(.revsh_text), (4 bytes).
    Removing i2c.o(.rrx_text), (6 bytes).
    Removing spi.o(.rev16_text), (4 bytes).
    Removing spi.o(.revsh_text), (4 bytes).
    Removing spi.o(.rrx_text), (6 bytes).
    Removing spi.o(.text), (352 bytes).
    Removing timers.o(.rev16_text), (4 bytes).
    Removing timers.o(.revsh_text), (4 bytes).
    Removing timers.o(.rrx_text), (6 bytes).
    Removing timers.o(.text), (400 bytes).
    Removing uart.o(.rev16_text), (4 bytes).
    Removing uart.o(.revsh_text), (4 bytes).
    Removing uart.o(.rrx_text), (6 bytes).
    Removing accel.o(.rev16_text), (4 bytes).
    Removing accel.o(.revsh_text), (4 bytes).
    Removing accel.o(.rrx_text), (6 bytes).
    Removing accel.o(.text), (224 bytes).
    Removing eeprom.o(.rev16_text), (4 bytes).
    Removing eeprom.o(.revsh_text), (4 bytes).
    Removing eeprom.o(.rrx_text), (6 bytes).
    Removing eeprom.o(.text), (448 bytes).
    Removing ft6x06.o(.rev16_text), (4 bytes).
    Removing ft6x06.o(.revsh_text), (4 bytes).
    Removing ft6x06.o(.rrx_text), (6 bytes).
    Removing launchpad_io.o(.rev16_text), (4 bytes).
    Removing launchpad_io.o(.revsh_text), (4 bytes).
    Removing launchpad_io.o(.rrx_text), (6 bytes).
    Removing lcd.o(.rev16_text), (4 bytes).
    Removing lcd.o(.revsh_text), (4 bytes).
    Removing lcd.o(.rrx_text), (6 bytes).
    Removing ps2.o(.rev16_text), (4 bytes).
    Removing ps2.o(.revsh_text), (4 bytes).
    Removing ps2.o(.rrx_text), (6 bytes).
    Removing serial_debug.o(.rev16_text), (4 bytes).
    Removing serial_debug.o(.revsh_text), (4 bytes).
    Removing serial_debug.o(.rrx_text), (6 bytes).
    Removing spi_select.o(.rev16_text), (4 bytes).
    Removing spi_select.o(.revsh_text), (4 bytes).
    Removing spi_select.o(.rrx_text), (6 bytes).
    Removing spi_select.o(.text), (164 bytes).
    Removing ws2812b.o(FLASH), (160 bytes).
    Removing system_tm4c123.o(.rev16_text), (4 bytes).
    Removing system_tm4c123.o(.revsh_text), (4 bytes).
    Removing system_tm4c123.o(.rrx_text), (6 bytes).

63 unused section(s) (total 2014 bytes) removed from the image.

==============================================================================

Image Symbol Table

    Local Symbols

    Symbol Name                              Value     Ov Type        Size  Object(Section)

    RESET                                    0x00000000   Section      620  startup_tm4c123.o(RESET)
    ../clib/microlib/init/entry.s            0x00000000   Number         0  entry11b.o ABSOLUTE
    ../clib/microlib/init/entry.s            0x00000000   Number         0  entry11a.o ABSOLUTE
    ../clib/microlib/init/entry.s            0x00000000   Number         0  entry10b.o ABSOLUTE
    ../clib/microlib/init/entry.s            0x00000000   Number         0  entry10a.o ABSOLUTE
    ../clib/microlib/init/entry.s            0x00000000   Number         0  entry9b.o ABSOLUTE
    ../clib/microlib/init/entry.s            0x00000000   Number         0  entry9a.o ABSOLUTE
    ../clib/microlib/init/entry.s            0x00000000   Number         0  entry8b.o ABSOLUTE
    ../clib/microlib/init/entry.s            0x00000000   Number         0  entry8a.o ABSOLUTE
    ../clib/microlib/init/entry.s            0x00000000   Number         0  entry7b.o ABSOLUTE
    ../clib/microlib/init/entry.s            0x00000000   Number         0  entry7a.o ABSOLUTE
    ../clib/microlib/init/entry.s            0x00000000   Number         0  entry5.o ABSOLUTE
    ../clib/microlib/init/entry.s            0x00000000   Number         0  entry2.o ABSOLUTE
    ../clib/microlib/init/entry.s            0x00000000   Number         0  entry.o ABSOLUTE
    ../clib/microlib/malloc/malloc.c         0x00000000   Number         0  malloc.o ABSOLUTE
    ../clib/microlib/malloc/malloc.c         0x00000000   Number         0  mallocra.o ABSOLUTE
    ../clib/microlib/malloc/malloc.c         0x00000000   Number         0  mallocr.o ABSOLUTE
    ../clib/microlib/malloc/malloc.c         0x00000000   Number         0  malloca.o ABSOLUTE
    ../clib/microlib/malloc/mvars.c          0x00000000   Number         0  mvars.o ABSOLUTE
    ../clib/microlib/stdio/streams.c         0x00000000   Number         0  stdout.o ABSOLUTE
    ../clib/microlib/string/memcpy.c         0x00000000   Number         0  memcpyb.o ABSOLUTE
    ../clib/microlib/string/memcpy.c         0x00000000   Number         0  memcpya.o ABSOLUTE
    ..\\drivers\\c\\adc.c                    0x00000000   Number         0  adc.o ABSOLUTE
    ..\\drivers\\c\\gpio_port.c              0x00000000   Number         0  gpio_port.o ABSOLUTE
    ..\\drivers\\c\\i2c.c                    0x00000000   Number         0  i2c.o ABSOLUTE
    ..\\drivers\\c\\spi.c                    0x00000000   Number         0  spi.o ABSOLUTE
    ..\\drivers\\c\\timers.c                 0x00000000   Number         0  timers.o ABSOLUTE
    ..\\drivers\\c\\uart.c                   0x00000000   Number         0  uart.o ABSOLUTE
    ..\\peripherals\\c\\accel.c              0x00000000   Number         0  accel.o ABSOLUTE
    ..\\peripherals\\c\\eeprom.c             0x00000000   Number         0  eeprom.o ABSOLUTE
    ..\\peripherals\\c\\ft6x06.c             0x00000000   Number         0  ft6x06.o ABSOLUTE
    ..\\peripherals\\c\\launchpad_io.c       0x00000000   Number         0  launchpad_io.o ABSOLUTE
    ..\\peripherals\\c\\lcd.c                0x00000000   Number         0  lcd.o ABSOLUTE
    ..\\peripherals\\c\\ps2.c                0x00000000   Number         0  ps2.o ABSOLUTE
    ..\\peripherals\\c\\serial_debug.c       0x00000000   Number         0  serial_debug.o ABSOLUTE
    ..\\peripherals\\c\\spi_select.c         0x00000000   Number         0  spi_select.o ABSOLUTE
    ..\drivers\c\adc.c                       0x00000000   Number         0  adc.o ABSOLUTE
    ..\drivers\c\gpio_port.c                 0x00000000   Number         0  gpio_port.o ABSOLUTE
    ..\drivers\c\i2c.c                       0x00000000   Number         0  i2c.o ABSOLUTE
    ..\drivers\c\pc_buffer.c                 0x00000000   Number         0  pc_buffer.o ABSOLUTE
    ..\drivers\c\spi.c                       0x00000000   Number         0  spi.o ABSOLUTE
    ..\drivers\c\timers.c                    0x00000000   Number         0  timers.o ABSOLUTE
    ..\drivers\c\uart.c                      0x00000000   Number         0  uart.o ABSOLUTE
    ..\peripherals\c\accel.c                 0x00000000   Number         0  accel.o ABSOLUTE
    ..\peripherals\c\eeprom.c                0x00000000   Number         0  eeprom.o ABSOLUTE
    ..\peripherals\c\ft6x06.c                0x00000000   Number         0  ft6x06.o ABSOLUTE
    ..\peripherals\c\launchpad_io.c          0x00000000   Number         0  launchpad_io.o ABSOLUTE
    ..\peripherals\c\lcd.c                   0x00000000   Number         0  lcd.o ABSOLUTE
    ..\peripherals\c\ps2.c                   0x00000000   Number         0  ps2.o ABSOLUTE
    ..\peripherals\c\serial_debug.c          0x00000000   Number         0  serial_debug.o ABSOLUTE
    ..\peripherals\c\spi_select.c            0x00000000   Number         0  spi_select.o ABSOLUTE
    ..\peripherals\c\ws2812b.s               0x00000000   Number         0  ws2812b.o ABSOLUTE
    RTE\Device\TM4C123GH6PM\startup_TM4C123.s 0x00000000   Number         0  startup_tm4c123.o ABSOLUTE
    RTE\Device\TM4C123GH6PM\system_TM4C123.c 0x00000000   Number         0  system_tm4c123.o ABSOLUTE
    RTE\\Device\\TM4C123GH6PM\\system_TM4C123.c 0x00000000   Number         0  system_tm4c123.o ABSOLUTE
    dc.s                                     0x00000000   Number         0  dc.o ABSOLUTE
    handlers.s                               0x00000000   Number         0  handlers.o ABSOLUTE
    init.s                                   0x00000000   Number         0  init.o ABSOLUTE
    io_expander.c                            0x00000000   Number         0  io_expander.o ABSOLUTE
    io_expander.c                            0x00000000   Number         0  io_expander.o ABSOLUTE
    main.c                                   0x00000000   Number         0  main.o ABSOLUTE
    main.c                                   0x00000000   Number         0  main.o ABSOLUTE
    project_hardware_init.c                  0x00000000   Number         0  project_hardware_init.o ABSOLUTE
    project_hardware_init.c                  0x00000000   Number         0  project_hardware_init.o ABSOLUTE
    project_images.c                         0x00000000   Number         0  project_images.o ABSOLUTE
    project_interrupts.c                     0x00000000   Number         0  project_interrupts.o ABSOLUTE
    project_interrupts.c                     0x00000000   Number         0  project_interrupts.o ABSOLUTE
    .ARM.Collect$$$$00000000                 0x0000026c   Section        0  entry.o(.ARM.Collect$$$$00000000)
    .ARM.Collect$$$$00000001                 0x0000026c   Section        4  entry2.o(.ARM.Collect$$$$00000001)
    .ARM.Collect$$$$00000004                 0x00000270   Section        4  entry5.o(.ARM.Collect$$$$00000004)
    .ARM.Collect$$$$00000008                 0x00000274   Section        0  entry7b.o(.ARM.Collect$$$$00000008)
    .ARM.Collect$$$$0000000A                 0x00000274   Section        0  entry8b.o(.ARM.Collect$$$$0000000A)
    .ARM.Collect$$$$0000000B                 0x00000274   Section        8  entry9a.o(.ARM.Collect$$$$0000000B)
    .ARM.Collect$$$$0000000D                 0x0000027c   Section        0  entry10a.o(.ARM.Collect$$$$0000000D)
    .ARM.Collect$$$$0000000F                 0x0000027c   Section        0  entry11a.o(.ARM.Collect$$$$0000000F)
    .ARM.Collect$$$$00002712                 0x0000027c   Section        4  entry2.o(.ARM.Collect$$$$00002712)
    __lit__00000000                          0x0000027c   Data           4  entry2.o(.ARM.Collect$$$$00002712)
    .text                                    0x00000280   Section        0  main.o(.text)
    .text                                    0x00000b9c   Section        0  project_hardware_init.o(.text)
    .text                                    0x00000c50   Section        0  project_interrupts.o(.text)
    .text                                    0x00000cd4   Section        0  io_expander.o(.text)
    io_expander_wait_for_write               0x00000cd5   Thumb Code    68  io_expander.o(.text)
    .text                                    0x00000e7c   Section        0  adc.o(.text)
    .text                                    0x00000f1c   Section        0  gpio_port.o(.text)
    verify_base_addr                         0x00000f1d   Thumb Code    64  gpio_port.o(.text)
    .text                                    0x000011fc   Section        0  i2c.o(.text)
    .text                                    0x00001404   Section        0  pc_buffer.o(.text)
    .text                                    0x00001480   Section        0  uart.o(.text)
    .text                                    0x00001714   Section        0  ft6x06.o(.text)
    ft6x06_set_addr                          0x00001715   Thumb Code    52  ft6x06.o(.text)
    ft6x06_read_data                         0x00001749   Thumb Code    52  ft6x06.o(.text)
    .text                                    0x0000192c   Section        0  launchpad_io.o(.text)
    .text                                    0x000019f0   Section        0  lcd.o(.text)
    delayms                                  0x000019f1   Thumb Code    26  lcd.o(.text)
    lcd_write_cmd_u8                         0x00001a0b   Thumb Code    40  lcd.o(.text)
    lcd_write_data_u8                        0x00001a33   Thumb Code    28  lcd.o(.text)
    .text                                    0x00001e80   Section        0  ps2.o(.text)
    initialize_adc_gpio_pins                 0x00001e81   Thumb Code    58  ps2.o(.text)
    .text                                    0x00001ef0   Section        0  serial_debug.o(.text)
    .text                                    0x00002100   Section      252  startup_tm4c123.o(.text)
    $v0                                      0x00002100   Number         0  startup_tm4c123.o(.text)
    .text                                    0x000021fc   Section        0  system_tm4c123.o(.text)
    getOscClk                                0x000021fd   Thumb Code   182  system_tm4c123.o(.text)
    .text                                    0x0000244c   Section       36  init.o(.text)
    i.__scatterload_copy                     0x00002470   Section       14  handlers.o(i.__scatterload_copy)
    i.__scatterload_null                     0x0000247e   Section        2  handlers.o(i.__scatterload_null)
    i.__scatterload_zeroinit                 0x00002480   Section       14  handlers.o(i.__scatterload_zeroinit)
    i.lcd_write_data_u16                     0x00002490   Section        0  lcd.o(i.lcd_write_data_u16)
    i.malloc                                 0x000024cc   Section        0  malloc.o(i.malloc)
    .constdata                               0x00002538   Section     6475  project_images.o(.constdata)
    .data                                    0x20000000   Section       18  main.o(.data)
    .data                                    0x20000012   Section        6  project_interrupts.o(.data)
    .data                                    0x20000018   Section        2  serial_debug.o(.data)
    Rx_Interrupts_Enabled                    0x20000018   Data           1  serial_debug.o(.data)
    Tx_Interrupts_Enabled                    0x20000019   Data           1  serial_debug.o(.data)
    .data                                    0x2000001c   Section        4  system_tm4c123.o(.data)
    .data                                    0x20000020   Section        4  stdout.o(.data)
    .data                                    0x20000024   Section        4  mvars.o(.data)
    .data                                    0x20000028   Section        4  mvars.o(.data)
    .bss                                     0x2000002c   Section       28  serial_debug.o(.bss)
    HEAP                                     0x20000048   Section        0  startup_tm4c123.o(HEAP)
    STACK                                    0x20000048   Section     4096  startup_tm4c123.o(STACK)

    Global Symbols

    Symbol Name                              Value     Ov Type        Size  Object(Section)

    BuildAttributes$$THM_ISAv4$E$P$D$K$B$S$7EM$VFPi3$EXTD16$VFPS$VFMA$PE$A:L22UL41UL21$X:L11$S22US41US21$IEEE1$IW$USESV6$~STKCKD$USESV7$~SHL$OSPACE$EBA8$MICROLIB$REQ8$EABIv2 0x00000000   Number         0  anon$$obj.o ABSOLUTE
    __ARM_use_no_argv                        0x00000000   Number         0  main.o ABSOLUTE
    __Vectors                                0x00000000   Data           4  startup_tm4c123.o(RESET)
    __cpp_initialize__aeabi_                  - Undefined Weak Reference
    __cxa_finalize                            - Undefined Weak Reference
    __decompress                              - Undefined Weak Reference
    _clock_init                               - Undefined Weak Reference
    _microlib_exit                            - Undefined Weak Reference
    __Vectors_End                            0x0000026c   Data           0  startup_tm4c123.o(RESET)
    __Vectors_Size                           0x0000026c   Number         0  startup_tm4c123.o ABSOLUTE
    __main                                   0x0000026d   Thumb Code     0  entry.o(.ARM.Collect$$$$00000000)
    _main_stk                                0x0000026d   Thumb Code     0  entry2.o(.ARM.Collect$$$$00000001)
    _main_scatterload                        0x00000271   Thumb Code     0  entry5.o(.ARM.Collect$$$$00000004)
    __main_after_scatterload                 0x00000275   Thumb Code     0  entry5.o(.ARM.Collect$$$$00000004)
    _main_clock                              0x00000275   Thumb Code     0  entry7b.o(.ARM.Collect$$$$00000008)
    _main_cpp_init                           0x00000275   Thumb Code     0  entry8b.o(.ARM.Collect$$$$0000000A)
    _main_init                               0x00000275   Thumb Code     0  entry9a.o(.ARM.Collect$$$$0000000B)
    __rt_final_cpp                           0x0000027d   Thumb Code     0  entry10a.o(.ARM.Collect$$$$0000000D)
    __rt_final_exit                          0x0000027d   Thumb Code     0  entry11a.o(.ARM.Collect$$$$0000000F)
    DisableInterrupts                        0x00000281   Thumb Code     4  main.o(.text)
    EnableInterrupts                         0x00000285   Thumb Code     4  main.o(.text)
    check_if_hit                             0x00000289   Thumb Code   770  main.o(.text)
    update_health_bar                        0x0000058b   Thumb Code   190  main.o(.text)
    read_buttons                             0x00000649   Thumb Code    82  main.o(.text)
    game_menu                                0x0000069b   Thumb Code   220  main.o(.text)
    main                                     0x00000777   Thumb Code   990  main.o(.text)
    init_screen                              0x00000b9d   Thumb Code    18  project_hardware_init.o(.text)
    init_hardware                            0x00000baf   Thumb Code   146  project_hardware_init.o(.text)
    ps2_get_direction                        0x00000c51   Thumb Code    64  project_interrupts.o(.text)
    TIMER2A_Handler                          0x00000c91   Thumb Code    18  project_interrupts.o(.text)
    GPIOF_Handler                            0x00000ca3   Thumb Code    26  project_interrupts.o(.text)
    io_expander_byte_write                   0x00000d19   Thumb Code    88  io_expander.o(.text)
    io_expander_byte_read                    0x00000d71   Thumb Code   106  io_expander.o(.text)
    io_expander_init                         0x00000ddb   Thumb Code   156  io_expander.o(.text)
    initialize_adc                           0x00000e7d   Thumb Code    88  adc.o(.text)
    get_adc_value                            0x00000ed5   Thumb Code    58  adc.o(.text)
    gpio_get_irq_num                         0x00000f5d   Thumb Code    74  gpio_port.o(.text)
    gpio_enable_port                         0x00000fa7   Thumb Code   156  gpio_port.o(.text)
    gpio_config_digital_enable               0x00001043   Thumb Code    40  gpio_port.o(.text)
    gpio_config_enable_output                0x0000106b   Thumb Code    40  gpio_port.o(.text)
    gpio_config_enable_input                 0x00001093   Thumb Code    40  gpio_port.o(.text)
    gpio_config_enable_pullup                0x000010bb   Thumb Code    40  gpio_port.o(.text)
    gpio_config_enable_pulldown              0x000010e3   Thumb Code    40  gpio_port.o(.text)
    gpio_config_analog_enable                0x0000110b   Thumb Code    50  gpio_port.o(.text)
    gpio_config_alternate_function           0x0000113d   Thumb Code    40  gpio_port.o(.text)
    gpio_config_port_control                 0x00001165   Thumb Code    50  gpio_port.o(.text)
    gpio_config_open_drain                   0x00001197   Thumb Code    34  gpio_port.o(.text)
    gpio_config_falling_edge_irq             0x000011b9   Thumb Code    34  gpio_port.o(.text)
    initializeI2CMaster                      0x000011fd   Thumb Code   160  i2c.o(.text)
    i2cVerifyBaseAddr                        0x0000129d   Thumb Code    36  i2c.o(.text)
    i2cSetSlaveAddr                          0x000012c1   Thumb Code    30  i2c.o(.text)
    i2cStop                                  0x000012df   Thumb Code    26  i2c.o(.text)
    I2CMasterBusy                            0x000012f9   Thumb Code    34  i2c.o(.text)
    I2CMasterAdrAck                          0x0000131b   Thumb Code    34  i2c.o(.text)
    I2CMasterDatAck                          0x0000133d   Thumb Code    34  i2c.o(.text)
    i2cSendByte                              0x0000135f   Thumb Code    82  i2c.o(.text)
    i2cGetByte                               0x000013b1   Thumb Code    60  i2c.o(.text)
    pc_buffer_init                           0x00001405   Thumb Code    26  pc_buffer.o(.text)
    pc_buffer_add                            0x0000141f   Thumb Code    28  pc_buffer.o(.text)
    pc_buffer_remove                         0x0000143b   Thumb Code    30  pc_buffer.o(.text)
    pc_buffer_empty                          0x00001459   Thumb Code    18  pc_buffer.o(.text)
    pc_buffer_full                           0x0000146b   Thumb Code    22  pc_buffer.o(.text)
    verify_uart_base                         0x00001481   Thumb Code    54  uart.o(.text)
    uart_get_rcgc_mask                       0x000014b7   Thumb Code    68  uart.o(.text)
    uart_get_pr_mask                         0x000014fb   Thumb Code    68  uart.o(.text)
    uart_get_irq_num                         0x0000153f   Thumb Code    68  uart.o(.text)
    uart_tx_poll                             0x00001583   Thumb Code    38  uart.o(.text)
    uart_tx_poll_string                      0x000015a9   Thumb Code    50  uart.o(.text)
    uart_rx_poll                             0x000015db   Thumb Code    70  uart.o(.text)
    uart_init                                0x00001621   Thumb Code   222  uart.o(.text)
    ft6x06_read_td_status                    0x0000177d   Thumb Code    44  ft6x06.o(.text)
    ft6x06_read_x                            0x000017a9   Thumb Code   112  ft6x06.o(.text)
    ft6x06_read_y                            0x00001819   Thumb Code   116  ft6x06.o(.text)
    ft6x06_init                              0x0000188d   Thumb Code   156  ft6x06.o(.text)
    lp_io_set_pin                            0x0000192d   Thumb Code    18  launchpad_io.o(.text)
    lp_io_clear_pin                          0x0000193f   Thumb Code    18  launchpad_io.o(.text)
    lp_io_read_pin                           0x00001951   Thumb Code    22  launchpad_io.o(.text)
    lp_io_init                               0x00001967   Thumb Code   112  launchpad_io.o(.text)
    lcd_set_pos                              0x00001a4f   Thumb Code    58  lcd.o(.text)
    lcd_clear_screen                         0x00001a89   Thumb Code    52  lcd.o(.text)
    lcd_draw_image                           0x00001abd   Thumb Code   242  lcd.o(.text)
    lcd_config_gpio                          0x00001baf   Thumb Code   152  lcd.o(.text)
    lcd_config_screen                        0x00001c47   Thumb Code   568  lcd.o(.text)
    ps2_initialize                           0x00001ebb   Thumb Code    14  ps2.o(.text)
    ps2_get_x                                0x00001ec9   Thumb Code    16  ps2.o(.text)
    ps2_get_y                                0x00001ed9   Thumb Code    16  ps2.o(.text)
    init_serial_debug                        0x00001ef1   Thumb Code   102  serial_debug.o(.text)
    serial_debug_rx                          0x00001f57   Thumb Code    46  serial_debug.o(.text)
    serial_debug_tx                          0x00001f85   Thumb Code    88  serial_debug.o(.text)
    fputc                                    0x00001fdd   Thumb Code    66  serial_debug.o(.text)
    fgetc                                    0x0000201f   Thumb Code    50  serial_debug.o(.text)
    UART0_Handler                            0x00002051   Thumb Code   152  serial_debug.o(.text)
    Reset_Handler                            0x00002101   Thumb Code     8  startup_tm4c123.o(.text)
    NMI_Handler                              0x00002109   Thumb Code     2  startup_tm4c123.o(.text)
    HardFault_Handler                        0x0000210b   Thumb Code     2  startup_tm4c123.o(.text)
    MemManage_Handler                        0x0000210d   Thumb Code     2  startup_tm4c123.o(.text)
    BusFault_Handler                         0x0000210f   Thumb Code     2  startup_tm4c123.o(.text)
    UsageFault_Handler                       0x00002111   Thumb Code     2  startup_tm4c123.o(.text)
    SVC_Handler                              0x00002113   Thumb Code     2  startup_tm4c123.o(.text)
    DebugMon_Handler                         0x00002115   Thumb Code     2  startup_tm4c123.o(.text)
    PendSV_Handler                           0x00002117   Thumb Code     2  startup_tm4c123.o(.text)
    SysTick_Handler                          0x00002119   Thumb Code     2  startup_tm4c123.o(.text)
    GPIOA_Handler                            0x0000211b   Thumb Code     2  startup_tm4c123.o(.text)
    GPIOB_Handler                            0x0000211d   Thumb Code     2  startup_tm4c123.o(.text)
    GPIOC_Handler                            0x0000211f   Thumb Code     2  startup_tm4c123.o(.text)
    GPIOD_Handler                            0x00002121   Thumb Code     2  startup_tm4c123.o(.text)
    GPIOE_Handler                            0x00002123   Thumb Code     2  startup_tm4c123.o(.text)
    UART1_Handler                            0x00002127   Thumb Code     2  startup_tm4c123.o(.text)
    SSI0_Handler                             0x00002129   Thumb Code     2  startup_tm4c123.o(.text)
    I2C0_Handler                             0x0000212b   Thumb Code     2  startup_tm4c123.o(.text)
    PMW0_FAULT_Handler                       0x0000212d   Thumb Code     2  startup_tm4c123.o(.text)
    PWM0_0_Handler                           0x0000212f   Thumb Code     2  startup_tm4c123.o(.text)
    PWM0_1_Handler                           0x00002131   Thumb Code     2  startup_tm4c123.o(.text)
    PWM0_2_Handler                           0x00002133   Thumb Code     2  startup_tm4c123.o(.text)
    QEI0_Handler                             0x00002135   Thumb Code     2  startup_tm4c123.o(.text)
    ADC0SS0_Handler                          0x00002137   Thumb Code     2  startup_tm4c123.o(.text)
    ADC0SS1_Handler                          0x00002139   Thumb Code     2  startup_tm4c123.o(.text)
    ADC0SS2_Handler                          0x0000213b   Thumb Code     2  startup_tm4c123.o(.text)
    ADC0SS3_Handler                          0x0000213d   Thumb Code     2  startup_tm4c123.o(.text)
    WDT0_Handler                             0x0000213f   Thumb Code     2  startup_tm4c123.o(.text)
    TIMER0A_Handler                          0x00002141   Thumb Code     2  startup_tm4c123.o(.text)
    TIMER0B_Handler                          0x00002143   Thumb Code     2  startup_tm4c123.o(.text)
    TIMER1A_Handler                          0x00002145   Thumb Code     2  startup_tm4c123.o(.text)
    TIMER1B_Handler                          0x00002147   Thumb Code     2  startup_tm4c123.o(.text)
    TIMER2B_Handler                          0x0000214b   Thumb Code     2  startup_tm4c123.o(.text)
    COMP0_Handler                            0x0000214d   Thumb Code     2  startup_tm4c123.o(.text)
    COMP1_Handler                            0x0000214f   Thumb Code     2  startup_tm4c123.o(.text)
    COMP2_Handler                            0x00002151   Thumb Code     2  startup_tm4c123.o(.text)
    SYSCTL_Handler                           0x00002153   Thumb Code     2  startup_tm4c123.o(.text)
    FLASH_Handler                            0x00002155   Thumb Code     2  startup_tm4c123.o(.text)
    GPIOG_Handler                            0x00002159   Thumb Code     2  startup_tm4c123.o(.text)
    GPIOH_Handler                            0x0000215b   Thumb Code     2  startup_tm4c123.o(.text)
    UART2_Handler                            0x0000215d   Thumb Code     2  startup_tm4c123.o(.text)
    SSI1_Handler                             0x0000215f   Thumb Code     2  startup_tm4c123.o(.text)
    TIMER3A_Handler                          0x00002161   Thumb Code     2  startup_tm4c123.o(.text)
    TIMER3B_Handler                          0x00002163   Thumb Code     2  startup_tm4c123.o(.text)
    I2C1_Handler                             0x00002165   Thumb Code     2  startup_tm4c123.o(.text)
    QEI1_Handler                             0x00002167   Thumb Code     2  startup_tm4c123.o(.text)
    CAN0_Handler                             0x00002169   Thumb Code     2  startup_tm4c123.o(.text)
    CAN1_Handler                             0x0000216b   Thumb Code     2  startup_tm4c123.o(.text)
    CAN2_Handler                             0x0000216d   Thumb Code     2  startup_tm4c123.o(.text)
    HIB_Handler                              0x0000216f   Thumb Code     2  startup_tm4c123.o(.text)
    USB0_Handler                             0x00002171   Thumb Code     2  startup_tm4c123.o(.text)
    PWM0_3_Handler                           0x00002173   Thumb Code     2  startup_tm4c123.o(.text)
    UDMA_Handler                             0x00002175   Thumb Code     2  startup_tm4c123.o(.text)
    UDMAERR_Handler                          0x00002177   Thumb Code     2  startup_tm4c123.o(.text)
    ADC1SS0_Handler                          0x00002179   Thumb Code     2  startup_tm4c123.o(.text)
    ADC1SS1_Handler                          0x0000217b   Thumb Code     2  startup_tm4c123.o(.text)
    ADC1SS2_Handler                          0x0000217d   Thumb Code     2  startup_tm4c123.o(.text)
    ADC1SS3_Handler                          0x0000217f   Thumb Code     2  startup_tm4c123.o(.text)
    GPIOJ_Handler                            0x00002181   Thumb Code     2  startup_tm4c123.o(.text)
    GPIOK_Handler                            0x00002183   Thumb Code     2  startup_tm4c123.o(.text)
    GPIOL_Handler                            0x00002185   Thumb Code     2  startup_tm4c123.o(.text)
    SSI2_Handler                             0x00002187   Thumb Code     2  startup_tm4c123.o(.text)
    SSI3_Handler                             0x00002189   Thumb Code     2  startup_tm4c123.o(.text)
    UART3_Handler                            0x0000218b   Thumb Code     2  startup_tm4c123.o(.text)
    UART4_Handler                            0x0000218d   Thumb Code     2  startup_tm4c123.o(.text)
    UART5_Handler                            0x0000218f   Thumb Code     2  startup_tm4c123.o(.text)
    UART6_Handler                            0x00002191   Thumb Code     2  startup_tm4c123.o(.text)
    UART7_Handler                            0x00002193   Thumb Code     2  startup_tm4c123.o(.text)
    I2C2_Handler                             0x00002195   Thumb Code     2  startup_tm4c123.o(.text)
    I2C3_Handler                             0x00002197   Thumb Code     2  startup_tm4c123.o(.text)
    TIMER4A_Handler                          0x00002199   Thumb Code     2  startup_tm4c123.o(.text)
    TIMER4B_Handler                          0x0000219b   Thumb Code     2  startup_tm4c123.o(.text)
    TIMER5A_Handler                          0x0000219d   Thumb Code     2  startup_tm4c123.o(.text)
    TIMER5B_Handler                          0x0000219f   Thumb Code     2  startup_tm4c123.o(.text)
    WTIMER0A_Handler                         0x000021a1   Thumb Code     2  startup_tm4c123.o(.text)
    WTIMER0B_Handler                         0x000021a3   Thumb Code     2  startup_tm4c123.o(.text)
    WTIMER1A_Handler                         0x000021a5   Thumb Code     2  startup_tm4c123.o(.text)
    WTIMER1B_Handler                         0x000021a7   Thumb Code     2  startup_tm4c123.o(.text)
    WTIMER2A_Handler                         0x000021a9   Thumb Code     2  startup_tm4c123.o(.text)
    WTIMER2B_Handler                         0x000021ab   Thumb Code     2  startup_tm4c123.o(.text)
    WTIMER3A_Handler                         0x000021ad   Thumb Code     2  startup_tm4c123.o(.text)
    WTIMER3B_Handler                         0x000021af   Thumb Code     2  startup_tm4c123.o(.text)
    WTIMER4A_Handler                         0x000021b1   Thumb Code     2  startup_tm4c123.o(.text)
    WTIMER4B_Handler                         0x000021b3   Thumb Code     2  startup_tm4c123.o(.text)
    WTIMER5A_Handler                         0x000021b5   Thumb Code     2  startup_tm4c123.o(.text)
    WTIMER5B_Handler                         0x000021b7   Thumb Code     2  startup_tm4c123.o(.text)
    FPU_Handler                              0x000021b9   Thumb Code     2  startup_tm4c123.o(.text)
    I2C4_Handler                             0x000021bb   Thumb Code     2  startup_tm4c123.o(.text)
    I2C5_Handler                             0x000021bd   Thumb Code     2  startup_tm4c123.o(.text)
    GPIOM_Handler                            0x000021bf   Thumb Code     2  startup_tm4c123.o(.text)
    GPION_Handler                            0x000021c1   Thumb Code     2  startup_tm4c123.o(.text)
    QEI2_Handler                             0x000021c3   Thumb Code     2  startup_tm4c123.o(.text)
    GPIOP0_Handler                           0x000021c5   Thumb Code     2  startup_tm4c123.o(.text)
    GPIOP1_Handler                           0x000021c7   Thumb Code     2  startup_tm4c123.o(.text)
    GPIOP2_Handler                           0x000021c9   Thumb Code     2  startup_tm4c123.o(.text)
    GPIOP3_Handler                           0x000021cb   Thumb Code     2  startup_tm4c123.o(.text)
    GPIOP4_Handler                           0x000021cd   Thumb Code     2  startup_tm4c123.o(.text)
    GPIOP5_Handler                           0x000021cf   Thumb Code     2  startup_tm4c123.o(.text)
    GPIOP6_Handler                           0x000021d1   Thumb Code     2  startup_tm4c123.o(.text)
    GPIOP7_Handler                           0x000021d3   Thumb Code     2  startup_tm4c123.o(.text)
    GPIOQ0_Handler                           0x000021d5   Thumb Code     2  startup_tm4c123.o(.text)
    GPIOQ1_Handler                           0x000021d7   Thumb Code     2  startup_tm4c123.o(.text)
    GPIOQ2_Handler                           0x000021d9   Thumb Code     2  startup_tm4c123.o(.text)
    GPIOQ3_Handler                           0x000021db   Thumb Code     2  startup_tm4c123.o(.text)
    GPIOQ4_Handler                           0x000021dd   Thumb Code     2  startup_tm4c123.o(.text)
    GPIOQ5_Handler                           0x000021df   Thumb Code     2  startup_tm4c123.o(.text)
    GPIOQ6_Handler                           0x000021e1   Thumb Code     2  startup_tm4c123.o(.text)
    GPIOQ7_Handler                           0x000021e3   Thumb Code     2  startup_tm4c123.o(.text)
    GPIOR_Handler                            0x000021e5   Thumb Code     2  startup_tm4c123.o(.text)
    GPIOS_Handler                            0x000021e7   Thumb Code     2  startup_tm4c123.o(.text)
    PMW1_0_Handler                           0x000021e9   Thumb Code     2  startup_tm4c123.o(.text)
    PWM1_1_Handler                           0x000021eb   Thumb Code     2  startup_tm4c123.o(.text)
    PWM1_2_Handler                           0x000021ed   Thumb Code     2  startup_tm4c123.o(.text)
    PWM1_3_Handler                           0x000021ef   Thumb Code     2  startup_tm4c123.o(.text)
    PWM1_FAULT_Handler                       0x000021f1   Thumb Code     2  startup_tm4c123.o(.text)
    SystemCoreClockUpdate                    0x000022b3   Thumb Code   184  system_tm4c123.o(.text)
    SystemInit                               0x0000236b   Thumb Code   112  system_tm4c123.o(.text)
    __scatterload                            0x0000244d   Thumb Code    28  init.o(.text)
    __scatterload_rt2                        0x0000244d   Thumb Code     0  init.o(.text)
    __scatterload_copy                       0x00002471   Thumb Code    14  handlers.o(i.__scatterload_copy)
    __scatterload_null                       0x0000247f   Thumb Code     2  handlers.o(i.__scatterload_null)
    __scatterload_zeroinit                   0x00002481   Thumb Code    14  handlers.o(i.__scatterload_zeroinit)
    lcd_write_data_u16                       0x00002491   Thumb Code    48  lcd.o(i.lcd_write_data_u16)
    malloc                                   0x000024cd   Thumb Code    92  malloc.o(i.malloc)
    game_titleBitmaps                        0x00002538   Data         700  project_images.o(.constdata)
    game_titleWidthPixels                    0x000027f4   Data           1  project_images.o(.constdata)
    game_titleHeightPixels                   0x000027f5   Data           1  project_images.o(.constdata)
    trexstandingBitmaps                      0x000027f6   Data         408  project_images.o(.constdata)
    trexstandingWidthPixels                  0x0000298e   Data           1  project_images.o(.constdata)
    trexstandingHeightPixels                 0x0000298f   Data           1  project_images.o(.constdata)
    trexcrouchingBitmaps                     0x00002990   Data         304  project_images.o(.constdata)
    trexcrouchingWidthPixels                 0x00002ac0   Data           1  project_images.o(.constdata)
    trexcrouchingHeightPixels                0x00002ac1   Data           1  project_images.o(.constdata)
    pterodactylBitmaps                       0x00002ac2   Data         174  project_images.o(.constdata)
    pterodactylWidthPixels                   0x00002b70   Data           1  project_images.o(.constdata)
    pterodactylHeightPixels                  0x00002b71   Data           1  project_images.o(.constdata)
    cactusBitmaps                            0x00002b72   Data         225  project_images.o(.constdata)
    cactusWidthPixels                        0x00002c53   Data           1  project_images.o(.constdata)
    cactusHeightPixels                       0x00002c54   Data           1  project_images.o(.constdata)
    start_btnBitmaps                         0x00002c55   Data        1950  project_images.o(.constdata)
    start_btnWidthPixels                     0x000033f3   Data           1  project_images.o(.constdata)
    start_btnHeightPixels                    0x000033f4   Data           1  project_images.o(.constdata)
    groundBitmaps                            0x000033f5   Data        2700  project_images.o(.constdata)
    groundWidthPixels                        0x00003e81   Data           1  project_images.o(.constdata)
    groundHeightPixels                       0x00003e82   Data           1  project_images.o(.constdata)
    Region$$Table$$Base                      0x00003e84   Number         0  anon$$obj.o(Region$$Table)
    Region$$Table$$Limit                     0x00003ea4   Number         0  anon$$obj.o(Region$$Table)
    PTERODACTYL_X_COORD                      0x20000000   Data           2  main.o(.data)
    PTERODACTYL_Y_COORD                      0x20000002   Data           2  main.o(.data)
    TREX_X_COORD                             0x20000004   Data           2  main.o(.data)
    TREX_Y_COORD                             0x20000006   Data           2  main.o(.data)
    CACTUS_X_COORD                           0x20000008   Data           2  main.o(.data)
    CACTUS_Y_COORD                           0x2000000a   Data           2  main.o(.data)
    ALERT_TREX                               0x2000000c   Data           1  main.o(.data)
    ALERT_PTER                               0x2000000d   Data           1  main.o(.data)
    ALERT_CACTUS                             0x2000000e   Data           1  main.o(.data)
    JUMP                                     0x2000000f   Data           1  main.o(.data)
    CROUCH                                   0x20000010   Data           1  main.o(.data)
    PAUSED                                   0x20000011   Data           1  main.o(.data)
    PS2_X_DATA                               0x20000012   Data           2  project_interrupts.o(.data)
    PS2_Y_DATA                               0x20000014   Data           2  project_interrupts.o(.data)
    PS2_DIR                                  0x20000016   Data           1  project_interrupts.o(.data)
    BUTTON_PRESS                             0x20000017   Data           1  project_interrupts.o(.data)
    SystemCoreClock                          0x2000001c   Data           4  system_tm4c123.o(.data)
    __stdout                                 0x20000020   Data           4  stdout.o(.data)
    __microlib_freelist                      0x20000024   Data           4  mvars.o(.data)
    __microlib_freelist_initialised          0x20000028   Data           4  mvars.o(.data)
    UART0_Tx_Buffer                          0x2000002c   Data          14  serial_debug.o(.bss)
    UART0_Rx_Buffer                          0x2000003a   Data          14  serial_debug.o(.bss)
    __heap_base                              0x20000048   Data           0  startup_tm4c123.o(HEAP)
    __heap_limit                             0x20000048   Data           0  startup_tm4c123.o(HEAP)
    __initial_sp                             0x20001048   Data           0  startup_tm4c123.o(STACK)



==============================================================================

Memory Map of the image

  Image Entry point : 0x00002101

  Load Region LR_1 (Base: 0x00000000, Size: 0x00003ed0, Max: 0xffffffff, ABSOLUTE)

    Execution Region ER_RO (Exec base: 0x00000000, Load base: 0x00000000, Size: 0x00003ea4, Max: 0xffffffff, ABSOLUTE)

    Exec Addr    Load Addr    Size         Type   Attr      Idx    E Section Name        Object

    0x00000000   0x00000000   0x0000026c   Data   RO          626    RESET               startup_tm4c123.o
    0x0000026c   0x0000026c   0x00000000   Code   RO          661  * .ARM.Collect$$$$00000000  mc_w.l(entry.o)
    0x0000026c   0x0000026c   0x00000004   Code   RO          693    .ARM.Collect$$$$00000001  mc_w.l(entry2.o)
    0x00000270   0x00000270   0x00000004   Code   RO          696    .ARM.Collect$$$$00000004  mc_w.l(entry5.o)
    0x00000274   0x00000274   0x00000000   Code   RO          698    .ARM.Collect$$$$00000008  mc_w.l(entry7b.o)
    0x00000274   0x00000274   0x00000000   Code   RO          700    .ARM.Collect$$$$0000000A  mc_w.l(entry8b.o)
    0x00000274   0x00000274   0x00000008   Code   RO          701    .ARM.Collect$$$$0000000B  mc_w.l(entry9a.o)
    0x0000027c   0x0000027c   0x00000000   Code   RO          703    .ARM.Collect$$$$0000000D  mc_w.l(entry10a.o)
    0x0000027c   0x0000027c   0x00000000   Code   RO          705    .ARM.Collect$$$$0000000F  mc_w.l(entry11a.o)
    0x0000027c   0x0000027c   0x00000004   Code   RO          694    .ARM.Collect$$$$00002712  mc_w.l(entry2.o)
    0x00000280   0x00000280   0x0000091c   Code   RO            4    .text               main.o
    0x00000b9c   0x00000b9c   0x000000b4   Code   RO          137    .text               project_hardware_init.o
    0x00000c50   0x00000c50   0x00000084   Code   RO          165    .text               project_interrupts.o
    0x00000cd4   0x00000cd4   0x000001a8   Code   RO          207    .text               io_expander.o
    0x00000e7c   0x00000e7c   0x000000a0   Code   RO          238    .text               adc.o
    0x00000f1c   0x00000f1c   0x000002e0   Code   RO          266    .text               gpio_port.o
    0x000011fc   0x000011fc   0x00000208   Code   RO          290    .text               i2c.o
    0x00001404   0x00001404   0x0000007c   Code   RO          311    .text               pc_buffer.o
    0x00001480   0x00001480   0x00000294   Code   RO          380    .text               uart.o
    0x00001714   0x00001714   0x00000218   Code   RO          461    .text               ft6x06.o
    0x0000192c   0x0000192c   0x000000c4   Code   RO          485    .text               launchpad_io.o
    0x000019f0   0x000019f0   0x0000048e   Code   RO          509    .text               lcd.o
    0x00001e7e   0x00001e7e   0x00000002   PAD
    0x00001e80   0x00001e80   0x00000070   Code   RO          539    .text               ps2.o
    0x00001ef0   0x00001ef0   0x00000210   Code   RO          563    .text               serial_debug.o
    0x00002100   0x00002100   0x000000fc   Code   RO          627  * .text               startup_tm4c123.o
    0x000021fc   0x000021fc   0x00000250   Code   RO          634    .text               system_tm4c123.o
    0x0000244c   0x0000244c   0x00000024   Code   RO          713    .text               mc_w.l(init.o)
    0x00002470   0x00002470   0x0000000e   Code   RO          717    i.__scatterload_copy  mc_w.l(handlers.o)
    0x0000247e   0x0000247e   0x00000002   Code   RO          718    i.__scatterload_null  mc_w.l(handlers.o)
    0x00002480   0x00002480   0x0000000e   Code   RO          719    i.__scatterload_zeroinit  mc_w.l(handlers.o)
    0x0000248e   0x0000248e   0x00000002   PAD
    0x00002490   0x00002490   0x0000003c   Code   RO          527    i.lcd_write_data_u16  lcd.o
    0x000024cc   0x000024cc   0x0000006c   Code   RO          666    i.malloc            mc_w.l(malloc.o)
    0x00002538   0x00002538   0x0000194b   Data   RO          192    .constdata          project_images.o
    0x00003e83   0x00003e83   0x00000001   PAD
    0x00003e84   0x00003e84   0x00000020   Data   RO          715    Region$$Table       anon$$obj.o


    Execution Region ER_RW (Exec base: 0x20000000, Load base: 0x00003ea4, Size: 0x0000002c, Max: 0xffffffff, ABSOLUTE)

    Exec Addr    Load Addr    Size         Type   Attr      Idx    E Section Name        Object

    0x20000000   0x00003ea4   0x00000012   Data   RW            5    .data               main.o
    0x20000012   0x00003eb6   0x00000006   Data   RW          166    .data               project_interrupts.o
    0x20000018   0x00003ebc   0x00000002   Data   RW          565    .data               serial_debug.o
    0x2000001a   0x00003ebe   0x00000002   PAD
    0x2000001c   0x00003ec0   0x00000004   Data   RW          635    .data               system_tm4c123.o
    0x20000020   0x00003ec4   0x00000004   Data   RW          664    .data               mc_w.l(stdout.o)
    0x20000024   0x00003ec8   0x00000004   Data   RW          711    .data               mc_w.l(mvars.o)
    0x20000028   0x00003ecc   0x00000004   Data   RW          712    .data               mc_w.l(mvars.o)


    Execution Region ER_ZI (Exec base: 0x2000002c, Load base: 0x00003ed0, Size: 0x0000101c, Max: 0xffffffff, ABSOLUTE)

    Exec Addr    Load Addr    Size         Type   Attr      Idx    E Section Name        Object

    0x2000002c        -       0x0000001c   Zero   RW          564    .bss                serial_debug.o
    0x20000048        -       0x00000000   Zero   RW          625    HEAP                startup_tm4c123.o
    0x20000048        -       0x00001000   Zero   RW          624    STACK               startup_tm4c123.o


==============================================================================

Image component sizes


      Code (inc. data)   RO Data    RW Data    ZI Data      Debug   Object Name

       160         14          0          0          0       1551   adc.o
       536          4          0          0          0       2596   ft6x06.o
       736         34          0          0          0       5674   gpio_port.o
       520         24          0          0          0       3777   i2c.o
       424          6          0          0          0       2172   io_expander.o
       196         26          0          0          0       1914   launchpad_io.o
      1226         30          0          0          0       3961   lcd.o
      2332        206          0         18          0      32764   main.o
       124          0          0          0          0       2039   pc_buffer.o
       180         16          0          0          0      31063   project_hardware_init.o
         0          0       6475          0          0       1834   project_images.o
       132         24          0          6          0       1715   project_interrupts.o
       112          8          0          0          0        993   ps2.o
       528         24          0          2         28       5893   serial_debug.o
       252         10        620          0       4096       5492   startup_tm4c123.o
       592        138          0          4          0       1657   system_tm4c123.o
       660         54          0          0          0       3628   uart.o

    ----------------------------------------------------------------------
      8712        618       7128         32       4124     108723   Object Totals
         0          0         32          0          0          0   (incl. Generated)
         2          0          1          2          0          0   (incl. Padding)

    ----------------------------------------------------------------------

      Code (inc. data)   RO Data    RW Data    ZI Data      Debug   Library Member Name

         0          0          0          0          0          0   entry.o
         0          0          0          0          0          0   entry10a.o
         0          0          0          0          0          0   entry11a.o
         8          4          0          0          0          0   entry2.o
         4          0          0          0          0          0   entry5.o
         0          0          0          0          0          0   entry7b.o
         0          0          0          0          0          0   entry8b.o
         8          4          0          0          0          0   entry9a.o
        30          0          0          0          0          0   handlers.o
        36          8          0          0          0         68   init.o
       108         16          0          0          0         84   malloc.o
         0          0          0          8          0          0   mvars.o
         0          0          0          4          0          0   stdout.o

    ----------------------------------------------------------------------
       196         32          0         12          0        152   Library Totals
         2          0          0          0          0          0   (incl. Padding)

    ----------------------------------------------------------------------

      Code (inc. data)   RO Data    RW Data    ZI Data      Debug   Library Name

       194         32          0         12          0        152   mc_w.l

    ----------------------------------------------------------------------
       196         32          0         12          0        152   Library Totals

    ----------------------------------------------------------------------

==============================================================================


      Code (inc. data)   RO Data    RW Data    ZI Data      Debug   

      8908        650       7128         44       4124     106979   Grand Totals
      8908        650       7128         44       4124     106979   ELF Image Totals
      8908        650       7128         44          0          0   ROM Totals

==============================================================================

    Total RO  Size (Code + RO Data)                16036 (  15.66kB)
    Total RW  Size (RW Data + ZI Data)              4168 (   4.07kB)
    Total ROM Size (Code + RO Data + RW Data)      16080 (  15.70kB)

==============================================================================

