Component: ARM Compiler 5.06 update 6 (build 750) Tool: armlink [4d35ed]

==============================================================================

Section Cross References

    main.o(.text) refers to lcd.o(.text) for lcd_draw_image
    main.o(.text) refers to main.o(.data) for CLEAR_CACTUS
    main.o(.text) refers to project_interrupts.o(.data) for jump_count
    main.o(.text) refers to project_images.o(.constdata) for trexcrouchingWidthPixels
    main.o(.text) refers to eeprom.o(.text) for eeprom_byte_read
    main.o(.text) refers to rand.o(.text) for rand
    main.o(.text) refers to project_interrupts.o(.text) for proc_pterodactyl
    main.o(.text) refers to io_expander.o(.text) for io_expander_byte_write
    main.o(.text) refers to printf5.o(i.__0printf$5) for __2printf
    main.o(.text) refers to ft6x06.o(.text) for ft6x06_read_td_status
    main.o(.text) refers to project_hardware_init.o(.text) for init_hardware
    main.o(.text) refers to serial_debug.o(.text) for fgetc
    main.o(.text) refers to stdin.o(.data) for __stdin
    project_hardware_init.o(.text) refers to lcd.o(.text) for lcd_config_gpio
    project_hardware_init.o(.text) refers to timers.o(.text) for gp_timer_config_32
    project_hardware_init.o(.text) refers to main.o(.text) for DisableInterrupts
    project_hardware_init.o(.text) refers to serial_debug.o(.text) for init_serial_debug
    project_hardware_init.o(.text) refers to eeprom.o(.text) for eeprom_init
    project_hardware_init.o(.text) refers to ps2.o(.text) for ps2_initialize
    project_hardware_init.o(.text) refers to uart.o(.text) for uart_init
    project_hardware_init.o(.text) refers to ft6x06.o(.text) for ft6x06_init
    project_hardware_init.o(.text) refers to io_expander.o(.text) for io_expander_init
    project_hardware_init.o(.text) refers to launchpad_io.o(.text) for lp_io_init
    project_hardware_init.o(.text) refers to gpio_port.o(.text) for gpio_enable_port
    project_interrupts.o(.text) refers to launchpad_io.o(.text) for lp_io_set_pin
    project_interrupts.o(.text) refers to project_interrupts.o(.data) for lfsr
    project_interrupts.o(.text) refers to project_interrupts.o(.constdata) for YLOCATION
    project_interrupts.o(.text) refers to main.o(.data) for PAUSED
    io_expander.o(.text) refers to i2c.o(.text) for i2cVerifyBaseAddr
    io_expander.o(.text) refers to gpio_port.o(.text) for gpio_enable_port
    pc_buffer.o(.text) refers to malloc.o(i.malloc) for malloc
    accel.o(.text) refers to spi_select.o(.text) for spi_select_init
    accel.o(.text) refers to gpio_port.o(.text) for gpio_enable_port
    accel.o(.text) refers to spi.o(.text) for initialize_spi
    eeprom.o(.text) refers to i2c.o(.text) for i2cVerifyBaseAddr
    eeprom.o(.text) refers to gpio_port.o(.text) for gpio_enable_port
    ft6x06.o(.text) refers to i2c.o(.text) for I2CMasterBusy
    ft6x06.o(.text) refers to gpio_port.o(.text) for gpio_enable_port
    lcd.o(.text) refers to lcd.o(i.lcd_write_data_u16) for lcd_write_data_u16
    lcd.o(.text) refers to gpio_port.o(.text) for gpio_enable_port
    ps2.o(.text) refers to gpio_port.o(.text) for gpio_enable_port
    ps2.o(.text) refers to adc.o(.text) for get_adc_value
    serial_debug.o(.text) refers to gpio_port.o(.text) for gpio_enable_port
    serial_debug.o(.text) refers to pc_buffer.o(.text) for pc_buffer_init
    serial_debug.o(.text) refers to uart.o(.text) for uart_init
    serial_debug.o(.text) refers to main.o(.text) for DisableInterrupts
    serial_debug.o(.text) refers to serial_debug.o(.data) for Rx_Interrupts_Enabled
    serial_debug.o(.text) refers to serial_debug.o(.bss) for UART0_Tx_Buffer
    spi_select.o(.text) refers to gpio_port.o(.text) for gpio_enable_port
    startup_tm4c123.o(RESET) refers to startup_tm4c123.o(STACK) for __initial_sp
    startup_tm4c123.o(RESET) refers to startup_tm4c123.o(.text) for Reset_Handler
    startup_tm4c123.o(RESET) refers to serial_debug.o(.text) for UART0_Handler
    startup_tm4c123.o(RESET) refers to project_interrupts.o(.text) for ADC0SS2_Handler
    startup_tm4c123.o(.text) refers to system_tm4c123.o(.text) for SystemInit
    startup_tm4c123.o(.text) refers to entry.o(.ARM.Collect$$$$00000000) for __main
    system_tm4c123.o(.text) refers to system_tm4c123.o(.data) for SystemCoreClock
    entry.o(.ARM.Collect$$$$00000000) refers (Special) to entry10a.o(.ARM.Collect$$$$0000000D) for __rt_final_cpp
    entry.o(.ARM.Collect$$$$00000000) refers (Special) to entry11a.o(.ARM.Collect$$$$0000000F) for __rt_final_exit
    entry.o(.ARM.Collect$$$$00000000) refers (Special) to entry7b.o(.ARM.Collect$$$$00000008) for _main_clock
    entry.o(.ARM.Collect$$$$00000000) refers (Special) to entry8b.o(.ARM.Collect$$$$0000000A) for _main_cpp_init
    entry.o(.ARM.Collect$$$$00000000) refers (Special) to entry9a.o(.ARM.Collect$$$$0000000B) for _main_init
    entry.o(.ARM.Collect$$$$00000000) refers (Special) to entry5.o(.ARM.Collect$$$$00000004) for _main_scatterload
    entry.o(.ARM.Collect$$$$00000000) refers (Special) to entry2.o(.ARM.Collect$$$$00000001) for _main_stk
    rand.o(.text) refers to rand.o(.data) for .data
    printfb.o(i.__0fprintf$bare) refers to printfb.o(i._printf_core) for _printf_core
    printfb.o(i.__0fprintf$bare) refers to serial_debug.o(.text) for fputc
    printfb.o(i.__0printf$bare) refers to printfb.o(i._printf_core) for _printf_core
    printfb.o(i.__0printf$bare) refers to serial_debug.o(.text) for fputc
    printfb.o(i.__0printf$bare) refers to stdout.o(.data) for __stdout
    printfb.o(i.__0snprintf$bare) refers to printfb.o(i._printf_core) for _printf_core
    printfb.o(i.__0snprintf$bare) refers to printfb.o(i._snputc) for _snputc
    printfb.o(i.__0sprintf$bare) refers to printfb.o(i._printf_core) for _printf_core
    printfb.o(i.__0sprintf$bare) refers to printfb.o(i._sputc) for _sputc
    printfb.o(i.__0vfprintf$bare) refers to printfb.o(i._printf_core) for _printf_core
    printfb.o(i.__0vfprintf$bare) refers to serial_debug.o(.text) for fputc
    printfb.o(i.__0vprintf$bare) refers to printfb.o(i._printf_core) for _printf_core
    printfb.o(i.__0vprintf$bare) refers to serial_debug.o(.text) for fputc
    printfb.o(i.__0vprintf$bare) refers to stdout.o(.data) for __stdout
    printfb.o(i.__0vsnprintf$bare) refers to printfb.o(i._printf_core) for _printf_core
    printfb.o(i.__0vsnprintf$bare) refers to printfb.o(i._snputc) for _snputc
    printfb.o(i.__0vsprintf$bare) refers to printfb.o(i._printf_core) for _printf_core
    printfb.o(i.__0vsprintf$bare) refers to printfb.o(i._sputc) for _sputc
    printf0.o(i.__0fprintf$0) refers to printf0.o(i._printf_core) for _printf_core
    printf0.o(i.__0fprintf$0) refers to serial_debug.o(.text) for fputc
    printf0.o(i.__0printf$0) refers to printf0.o(i._printf_core) for _printf_core
    printf0.o(i.__0printf$0) refers to serial_debug.o(.text) for fputc
    printf0.o(i.__0printf$0) refers to stdout.o(.data) for __stdout
    printf0.o(i.__0snprintf$0) refers to printf0.o(i._printf_core) for _printf_core
    printf0.o(i.__0snprintf$0) refers to printf0.o(i._snputc) for _snputc
    printf0.o(i.__0sprintf$0) refers to printf0.o(i._printf_core) for _printf_core
    printf0.o(i.__0sprintf$0) refers to printf0.o(i._sputc) for _sputc
    printf0.o(i.__0vfprintf$0) refers to printf0.o(i._printf_core) for _printf_core
    printf0.o(i.__0vfprintf$0) refers to serial_debug.o(.text) for fputc
    printf0.o(i.__0vprintf$0) refers to printf0.o(i._printf_core) for _printf_core
    printf0.o(i.__0vprintf$0) refers to serial_debug.o(.text) for fputc
    printf0.o(i.__0vprintf$0) refers to stdout.o(.data) for __stdout
    printf0.o(i.__0vsnprintf$0) refers to printf0.o(i._printf_core) for _printf_core
    printf0.o(i.__0vsnprintf$0) refers to printf0.o(i._snputc) for _snputc
    printf0.o(i.__0vsprintf$0) refers to printf0.o(i._printf_core) for _printf_core
    printf0.o(i.__0vsprintf$0) refers to printf0.o(i._sputc) for _sputc
    printf1.o(i.__0fprintf$1) refers to printf1.o(i._printf_core) for _printf_core
    printf1.o(i.__0fprintf$1) refers to serial_debug.o(.text) for fputc
    printf1.o(i.__0printf$1) refers to printf1.o(i._printf_core) for _printf_core
    printf1.o(i.__0printf$1) refers to serial_debug.o(.text) for fputc
    printf1.o(i.__0printf$1) refers to stdout.o(.data) for __stdout
    printf1.o(i.__0snprintf$1) refers to printf1.o(i._printf_core) for _printf_core
    printf1.o(i.__0snprintf$1) refers to printf1.o(i._snputc) for _snputc
    printf1.o(i.__0sprintf$1) refers to printf1.o(i._printf_core) for _printf_core
    printf1.o(i.__0sprintf$1) refers to printf1.o(i._sputc) for _sputc
    printf1.o(i.__0vfprintf$1) refers to printf1.o(i._printf_core) for _printf_core
    printf1.o(i.__0vfprintf$1) refers to serial_debug.o(.text) for fputc
    printf1.o(i.__0vprintf$1) refers to printf1.o(i._printf_core) for _printf_core
    printf1.o(i.__0vprintf$1) refers to serial_debug.o(.text) for fputc
    printf1.o(i.__0vprintf$1) refers to stdout.o(.data) for __stdout
    printf1.o(i.__0vsnprintf$1) refers to printf1.o(i._printf_core) for _printf_core
    printf1.o(i.__0vsnprintf$1) refers to printf1.o(i._snputc) for _snputc
    printf1.o(i.__0vsprintf$1) refers to printf1.o(i._printf_core) for _printf_core
    printf1.o(i.__0vsprintf$1) refers to printf1.o(i._sputc) for _sputc
    printf1.o(i._printf_core) refers to uidiv.o(.text) for __aeabi_uidivmod
    printf2.o(i.__0fprintf$2) refers to printf2.o(i._printf_core) for _printf_core
    printf2.o(i.__0fprintf$2) refers to serial_debug.o(.text) for fputc
    printf2.o(i.__0printf$2) refers to printf2.o(i._printf_core) for _printf_core
    printf2.o(i.__0printf$2) refers to serial_debug.o(.text) for fputc
    printf2.o(i.__0printf$2) refers to stdout.o(.data) for __stdout
    printf2.o(i.__0snprintf$2) refers to printf2.o(i._printf_core) for _printf_core
    printf2.o(i.__0snprintf$2) refers to printf2.o(i._snputc) for _snputc
    printf2.o(i.__0sprintf$2) refers to printf2.o(i._printf_core) for _printf_core
    printf2.o(i.__0sprintf$2) refers to printf2.o(i._sputc) for _sputc
    printf2.o(i.__0vfprintf$2) refers to printf2.o(i._printf_core) for _printf_core
    printf2.o(i.__0vfprintf$2) refers to serial_debug.o(.text) for fputc
    printf2.o(i.__0vprintf$2) refers to printf2.o(i._printf_core) for _printf_core
    printf2.o(i.__0vprintf$2) refers to serial_debug.o(.text) for fputc
    printf2.o(i.__0vprintf$2) refers to stdout.o(.data) for __stdout
    printf2.o(i.__0vsnprintf$2) refers to printf2.o(i._printf_core) for _printf_core
    printf2.o(i.__0vsnprintf$2) refers to printf2.o(i._snputc) for _snputc
    printf2.o(i.__0vsprintf$2) refers to printf2.o(i._printf_core) for _printf_core
    printf2.o(i.__0vsprintf$2) refers to printf2.o(i._sputc) for _sputc
    printf3.o(i.__0fprintf$3) refers to printf3.o(i._printf_core) for _printf_core
    printf3.o(i.__0fprintf$3) refers to serial_debug.o(.text) for fputc
    printf3.o(i.__0printf$3) refers to printf3.o(i._printf_core) for _printf_core
    printf3.o(i.__0printf$3) refers to serial_debug.o(.text) for fputc
    printf3.o(i.__0printf$3) refers to stdout.o(.data) for __stdout
    printf3.o(i.__0snprintf$3) refers to printf3.o(i._printf_core) for _printf_core
    printf3.o(i.__0snprintf$3) refers to printf3.o(i._snputc) for _snputc
    printf3.o(i.__0sprintf$3) refers to printf3.o(i._printf_core) for _printf_core
    printf3.o(i.__0sprintf$3) refers to printf3.o(i._sputc) for _sputc
    printf3.o(i.__0vfprintf$3) refers to printf3.o(i._printf_core) for _printf_core
    printf3.o(i.__0vfprintf$3) refers to serial_debug.o(.text) for fputc
    printf3.o(i.__0vprintf$3) refers to printf3.o(i._printf_core) for _printf_core
    printf3.o(i.__0vprintf$3) refers to serial_debug.o(.text) for fputc
    printf3.o(i.__0vprintf$3) refers to stdout.o(.data) for __stdout
    printf3.o(i.__0vsnprintf$3) refers to printf3.o(i._printf_core) for _printf_core
    printf3.o(i.__0vsnprintf$3) refers to printf3.o(i._snputc) for _snputc
    printf3.o(i.__0vsprintf$3) refers to printf3.o(i._printf_core) for _printf_core
    printf3.o(i.__0vsprintf$3) refers to printf3.o(i._sputc) for _sputc
    printf3.o(i._printf_core) refers to uidiv.o(.text) for __aeabi_uidivmod
    printf4.o(i.__0fprintf$4) refers to printf4.o(i._printf_core) for _printf_core
    printf4.o(i.__0fprintf$4) refers to serial_debug.o(.text) for fputc
    printf4.o(i.__0printf$4) refers to printf4.o(i._printf_core) for _printf_core
    printf4.o(i.__0printf$4) refers to serial_debug.o(.text) for fputc
    printf4.o(i.__0printf$4) refers to stdout.o(.data) for __stdout
    printf4.o(i.__0snprintf$4) refers to printf4.o(i._printf_core) for _printf_core
    printf4.o(i.__0snprintf$4) refers to printf4.o(i._snputc) for _snputc
    printf4.o(i.__0sprintf$4) refers to printf4.o(i._printf_core) for _printf_core
    printf4.o(i.__0sprintf$4) refers to printf4.o(i._sputc) for _sputc
    printf4.o(i.__0vfprintf$4) refers to printf4.o(i._printf_core) for _printf_core
    printf4.o(i.__0vfprintf$4) refers to serial_debug.o(.text) for fputc
    printf4.o(i.__0vprintf$4) refers to printf4.o(i._printf_core) for _printf_core
    printf4.o(i.__0vprintf$4) refers to serial_debug.o(.text) for fputc
    printf4.o(i.__0vprintf$4) refers to stdout.o(.data) for __stdout
    printf4.o(i.__0vsnprintf$4) refers to printf4.o(i._printf_core) for _printf_core
    printf4.o(i.__0vsnprintf$4) refers to printf4.o(i._snputc) for _snputc
    printf4.o(i.__0vsprintf$4) refers to printf4.o(i._printf_core) for _printf_core
    printf4.o(i.__0vsprintf$4) refers to printf4.o(i._sputc) for _sputc
    printf4.o(i._printf_core) refers to uldiv.o(.text) for __aeabi_uldivmod
    printf5.o(i.__0fprintf$5) refers to printf5.o(i._printf_core) for _printf_core
    printf5.o(i.__0fprintf$5) refers to serial_debug.o(.text) for fputc
    printf5.o(i.__0printf$5) refers to printf5.o(i._printf_core) for _printf_core
    printf5.o(i.__0printf$5) refers to serial_debug.o(.text) for fputc
    printf5.o(i.__0printf$5) refers to stdout.o(.data) for __stdout
    printf5.o(i.__0snprintf$5) refers to printf5.o(i._printf_core) for _printf_core
    printf5.o(i.__0snprintf$5) refers to printf5.o(i._snputc) for _snputc
    printf5.o(i.__0sprintf$5) refers to printf5.o(i._printf_core) for _printf_core
    printf5.o(i.__0sprintf$5) refers to printf5.o(i._sputc) for _sputc
    printf5.o(i.__0vfprintf$5) refers to printf5.o(i._printf_core) for _printf_core
    printf5.o(i.__0vfprintf$5) refers to serial_debug.o(.text) for fputc
    printf5.o(i.__0vprintf$5) refers to printf5.o(i._printf_core) for _printf_core
    printf5.o(i.__0vprintf$5) refers to serial_debug.o(.text) for fputc
    printf5.o(i.__0vprintf$5) refers to stdout.o(.data) for __stdout
    printf5.o(i.__0vsnprintf$5) refers to printf5.o(i._printf_core) for _printf_core
    printf5.o(i.__0vsnprintf$5) refers to printf5.o(i._snputc) for _snputc
    printf5.o(i.__0vsprintf$5) refers to printf5.o(i._printf_core) for _printf_core
    printf5.o(i.__0vsprintf$5) refers to printf5.o(i._sputc) for _sputc
    printf5.o(i._printf_core) refers to uldiv.o(.text) for __aeabi_uldivmod
    printf6.o(i.__0fprintf$6) refers to printf6.o(i._printf_core) for _printf_core
    printf6.o(i.__0fprintf$6) refers to serial_debug.o(.text) for fputc
    printf6.o(i.__0printf$6) refers to printf6.o(i._printf_core) for _printf_core
    printf6.o(i.__0printf$6) refers to serial_debug.o(.text) for fputc
    printf6.o(i.__0printf$6) refers to stdout.o(.data) for __stdout
    printf6.o(i.__0snprintf$6) refers to printf6.o(i._printf_core) for _printf_core
    printf6.o(i.__0snprintf$6) refers to printf6.o(i._snputc) for _snputc
    printf6.o(i.__0sprintf$6) refers to printf6.o(i._printf_core) for _printf_core
    printf6.o(i.__0sprintf$6) refers to printf6.o(i._sputc) for _sputc
    printf6.o(i.__0vfprintf$6) refers to printf6.o(i._printf_core) for _printf_core
    printf6.o(i.__0vfprintf$6) refers to serial_debug.o(.text) for fputc
    printf6.o(i.__0vprintf$6) refers to printf6.o(i._printf_core) for _printf_core
    printf6.o(i.__0vprintf$6) refers to serial_debug.o(.text) for fputc
    printf6.o(i.__0vprintf$6) refers to stdout.o(.data) for __stdout
    printf6.o(i.__0vsnprintf$6) refers to printf6.o(i._printf_core) for _printf_core
    printf6.o(i.__0vsnprintf$6) refers to printf6.o(i._snputc) for _snputc
    printf6.o(i.__0vsprintf$6) refers to printf6.o(i._printf_core) for _printf_core
    printf6.o(i.__0vsprintf$6) refers to printf6.o(i._sputc) for _sputc
    printf6.o(i._printf_core) refers to printf6.o(i._printf_pre_padding) for _printf_pre_padding
    printf6.o(i._printf_core) refers to uidiv.o(.text) for __aeabi_uidivmod
    printf6.o(i._printf_core) refers to printf6.o(i._printf_post_padding) for _printf_post_padding
    printf7.o(i.__0fprintf$7) refers to printf7.o(i._printf_core) for _printf_core
    printf7.o(i.__0fprintf$7) refers to serial_debug.o(.text) for fputc
    printf7.o(i.__0printf$7) refers to printf7.o(i._printf_core) for _printf_core
    printf7.o(i.__0printf$7) refers to serial_debug.o(.text) for fputc
    printf7.o(i.__0printf$7) refers to stdout.o(.data) for __stdout
    printf7.o(i.__0snprintf$7) refers to printf7.o(i._printf_core) for _printf_core
    printf7.o(i.__0snprintf$7) refers to printf7.o(i._snputc) for _snputc
    printf7.o(i.__0sprintf$7) refers to printf7.o(i._printf_core) for _printf_core
    printf7.o(i.__0sprintf$7) refers to printf7.o(i._sputc) for _sputc
    printf7.o(i.__0vfprintf$7) refers to printf7.o(i._printf_core) for _printf_core
    printf7.o(i.__0vfprintf$7) refers to serial_debug.o(.text) for fputc
    printf7.o(i.__0vprintf$7) refers to printf7.o(i._printf_core) for _printf_core
    printf7.o(i.__0vprintf$7) refers to serial_debug.o(.text) for fputc
    printf7.o(i.__0vprintf$7) refers to stdout.o(.data) for __stdout
    printf7.o(i.__0vsnprintf$7) refers to printf7.o(i._printf_core) for _printf_core
    printf7.o(i.__0vsnprintf$7) refers to printf7.o(i._snputc) for _snputc
    printf7.o(i.__0vsprintf$7) refers to printf7.o(i._printf_core) for _printf_core
    printf7.o(i.__0vsprintf$7) refers to printf7.o(i._sputc) for _sputc
    printf7.o(i._printf_core) refers to printf7.o(i._printf_pre_padding) for _printf_pre_padding
    printf7.o(i._printf_core) refers to uldiv.o(.text) for __aeabi_uldivmod
    printf7.o(i._printf_core) refers to printf7.o(i._printf_post_padding) for _printf_post_padding
    printf8.o(i.__0fprintf$8) refers to printf8.o(i._printf_core) for _printf_core
    printf8.o(i.__0fprintf$8) refers to serial_debug.o(.text) for fputc
    printf8.o(i.__0printf$8) refers to printf8.o(i._printf_core) for _printf_core
    printf8.o(i.__0printf$8) refers to serial_debug.o(.text) for fputc
    printf8.o(i.__0printf$8) refers to stdout.o(.data) for __stdout
    printf8.o(i.__0snprintf$8) refers to printf8.o(i._printf_core) for _printf_core
    printf8.o(i.__0snprintf$8) refers to printf8.o(i._snputc) for _snputc
    printf8.o(i.__0sprintf$8) refers to printf8.o(i._printf_core) for _printf_core
    printf8.o(i.__0sprintf$8) refers to printf8.o(i._sputc) for _sputc
    printf8.o(i.__0vfprintf$8) refers to printf8.o(i._printf_core) for _printf_core
    printf8.o(i.__0vfprintf$8) refers to serial_debug.o(.text) for fputc
    printf8.o(i.__0vprintf$8) refers to printf8.o(i._printf_core) for _printf_core
    printf8.o(i.__0vprintf$8) refers to serial_debug.o(.text) for fputc
    printf8.o(i.__0vprintf$8) refers to stdout.o(.data) for __stdout
    printf8.o(i.__0vsnprintf$8) refers to printf8.o(i._printf_core) for _printf_core
    printf8.o(i.__0vsnprintf$8) refers to printf8.o(i._snputc) for _snputc
    printf8.o(i.__0vsprintf$8) refers to printf8.o(i._printf_core) for _printf_core
    printf8.o(i.__0vsprintf$8) refers to printf8.o(i._sputc) for _sputc
    printf8.o(i._printf_core) refers to printf8.o(i._printf_pre_padding) for _printf_pre_padding
    printf8.o(i._printf_core) refers to uldiv.o(.text) for __aeabi_uldivmod
    printf8.o(i._printf_core) refers to printf8.o(i._printf_post_padding) for _printf_post_padding
    printfa.o(i.__0fprintf) refers (Special) to iusefp.o(.text) for __I$use$fp
    printfa.o(i.__0fprintf) refers to printfa.o(i._printf_core) for _printf_core
    printfa.o(i.__0fprintf) refers to serial_debug.o(.text) for fputc
    printfa.o(i.__0printf) refers (Special) to iusefp.o(.text) for __I$use$fp
    printfa.o(i.__0printf) refers to printfa.o(i._printf_core) for _printf_core
    printfa.o(i.__0printf) refers to serial_debug.o(.text) for fputc
    printfa.o(i.__0printf) refers to stdout.o(.data) for __stdout
    printfa.o(i.__0snprintf) refers (Special) to iusefp.o(.text) for __I$use$fp
    printfa.o(i.__0snprintf) refers to printfa.o(i._printf_core) for _printf_core
    printfa.o(i.__0snprintf) refers to printfa.o(i._snputc) for _snputc
    printfa.o(i.__0sprintf) refers (Special) to iusefp.o(.text) for __I$use$fp
    printfa.o(i.__0sprintf) refers to printfa.o(i._printf_core) for _printf_core
    printfa.o(i.__0sprintf) refers to printfa.o(i._sputc) for _sputc
    printfa.o(i.__0vfprintf) refers (Special) to iusefp.o(.text) for __I$use$fp
    printfa.o(i.__0vfprintf) refers to printfa.o(i._printf_core) for _printf_core
    printfa.o(i.__0vfprintf) refers to serial_debug.o(.text) for fputc
    printfa.o(i.__0vprintf) refers (Special) to iusefp.o(.text) for __I$use$fp
    printfa.o(i.__0vprintf) refers to printfa.o(i._printf_core) for _printf_core
    printfa.o(i.__0vprintf) refers to serial_debug.o(.text) for fputc
    printfa.o(i.__0vprintf) refers to stdout.o(.data) for __stdout
    printfa.o(i.__0vsnprintf) refers (Special) to iusefp.o(.text) for __I$use$fp
    printfa.o(i.__0vsnprintf) refers to printfa.o(i._printf_core) for _printf_core
    printfa.o(i.__0vsnprintf) refers to printfa.o(i._snputc) for _snputc
    printfa.o(i.__0vsprintf) refers (Special) to iusefp.o(.text) for __I$use$fp
    printfa.o(i.__0vsprintf) refers to printfa.o(i._printf_core) for _printf_core
    printfa.o(i.__0vsprintf) refers to printfa.o(i._sputc) for _sputc
    printfa.o(i._fp_digits) refers (Special) to iusefp.o(.text) for __I$use$fp
    printfa.o(i._fp_digits) refers to dmul.o(.text) for __aeabi_dmul
    printfa.o(i._fp_digits) refers to ddiv.o(.text) for __aeabi_ddiv
    printfa.o(i._fp_digits) refers to cdrcmple.o(.text) for __aeabi_cdrcmple
    printfa.o(i._fp_digits) refers to dadd.o(.text) for __aeabi_dadd
    printfa.o(i._fp_digits) refers to dfixul.o(.text) for __aeabi_d2ulz
    printfa.o(i._fp_digits) refers to uldiv.o(.text) for __aeabi_uldivmod
    printfa.o(i._printf_core) refers (Special) to iusefp.o(.text) for __I$use$fp
    printfa.o(i._printf_core) refers to printfa.o(i._printf_pre_padding) for _printf_pre_padding
    printfa.o(i._printf_core) refers to uldiv.o(.text) for __aeabi_uldivmod
    printfa.o(i._printf_core) refers to printfa.o(i._printf_post_padding) for _printf_post_padding
    printfa.o(i._printf_core) refers to printfa.o(i._fp_digits) for _fp_digits
    printfa.o(i._printf_core) refers to uidiv.o(.text) for __aeabi_uidivmod
    printfa.o(i._printf_post_padding) refers (Special) to iusefp.o(.text) for __I$use$fp
    printfa.o(i._printf_pre_padding) refers (Special) to iusefp.o(.text) for __I$use$fp
    printfa.o(i._snputc) refers (Special) to iusefp.o(.text) for __I$use$fp
    printfa.o(i._sputc) refers (Special) to iusefp.o(.text) for __I$use$fp
    malloc.o(i.free) refers to mvars.o(.data) for __microlib_freelist
    malloc.o(i.malloc) refers to mvars.o(.data) for __microlib_freelist_initialised
    malloc.o(i.malloc) refers to mvars.o(.data) for __microlib_freelist
    malloc.o(i.malloc) refers to startup_tm4c123.o(HEAP) for __heap_base
    mallocr.o(i.__free$realloc) refers to mvars.o(.data) for __microlib_freelist
    mallocr.o(i.__malloc$realloc) refers to mallocr.o(i.internal_alloc) for internal_alloc
    mallocr.o(i.__malloc$realloc) refers to mvars.o(.data) for __microlib_freelist_initialised
    mallocr.o(i.__malloc$realloc) refers to startup_tm4c123.o(HEAP) for __heap_base
    mallocr.o(i.__malloc$realloc) refers to mvars.o(.data) for __microlib_freelist
    mallocr.o(i.internal_alloc) refers to memcpya.o(.text) for __aeabi_memcpy
    mallocr.o(i.internal_alloc) refers to mvars.o(.data) for __microlib_freelist
    mallocr.o(i.realloc) refers to mallocr.o(i.__free$realloc) for __free$realloc
    mallocr.o(i.realloc) refers to mallocr.o(i.internal_alloc) for internal_alloc
    mallocr.o(i.realloc) refers to mallocr.o(i.__malloc$realloc) for __malloc$realloc
    mallocr.o(i.realloc) refers to mvars.o(.data) for __microlib_freelist
    malloca.o(i.__aligned_malloc) refers to mvars.o(.data) for __microlib_freelist_initialised
    malloca.o(i.__aligned_malloc) refers to mvars.o(.data) for __microlib_freelist
    malloca.o(i.__aligned_malloc) refers to startup_tm4c123.o(HEAP) for __heap_base
    malloca.o(i.__free$memalign) refers to mvars.o(.data) for __microlib_freelist
    malloca.o(i.__malloc$memalign) refers to malloca.o(i.__aligned_malloc) for __aligned_malloc
    mallocra.o(i.__aligned_malloc$realloc) refers to mallocra.o(i.internal_alloc) for internal_alloc
    mallocra.o(i.__aligned_malloc$realloc) refers to mvars.o(.data) for __microlib_freelist_initialised
    mallocra.o(i.__aligned_malloc$realloc) refers to startup_tm4c123.o(HEAP) for __heap_base
    mallocra.o(i.__aligned_malloc$realloc) refers to mvars.o(.data) for __microlib_freelist
    mallocra.o(i.__free$realloc$memalign) refers to mvars.o(.data) for __microlib_freelist
    mallocra.o(i.__malloc$realloc$memalign) refers to mallocra.o(i.__aligned_malloc$realloc) for __aligned_malloc$realloc
    mallocra.o(i.__realloc$memalign) refers to mallocra.o(i.__free$realloc$memalign) for __free$realloc$memalign
    mallocra.o(i.__realloc$memalign) refers to mallocra.o(i.internal_alloc) for internal_alloc
    mallocra.o(i.__realloc$memalign) refers to mallocra.o(i.__malloc$realloc$memalign) for __malloc$realloc$memalign
    mallocra.o(i.__realloc$memalign) refers to mvars.o(.data) for __microlib_freelist
    mallocra.o(i.internal_alloc) refers to memcpya.o(.text) for __aeabi_memcpy
    mallocra.o(i.internal_alloc) refers to mvars.o(.data) for __microlib_freelist
    entry2.o(.ARM.Collect$$$$00000001) refers to entry2.o(.ARM.Collect$$$$00002712) for __lit__00000000
    entry2.o(.ARM.Collect$$$$00002712) refers to startup_tm4c123.o(STACK) for __initial_sp
    entry2.o(__vectab_stack_and_reset_area) refers to startup_tm4c123.o(STACK) for __initial_sp
    entry2.o(__vectab_stack_and_reset_area) refers to entry.o(.ARM.Collect$$$$00000000) for __main
    entry5.o(.ARM.Collect$$$$00000004) refers to init.o(.text) for __scatterload
    entry9a.o(.ARM.Collect$$$$0000000B) refers to main.o(.text) for main
    entry9b.o(.ARM.Collect$$$$0000000C) refers to main.o(.text) for main
    uldiv.o(.text) refers to llushr.o(.text) for __aeabi_llsr
    uldiv.o(.text) refers to llshl.o(.text) for __aeabi_llsl
    dadd.o(.text) refers to llshl.o(.text) for __aeabi_llsl
    dadd.o(.text) refers to llsshr.o(.text) for __aeabi_lasr
    dadd.o(.text) refers to depilogue.o(.text) for _double_epilogue
    dmul.o(.text) refers to depilogue.o(.text) for _double_epilogue
    ddiv.o(.text) refers to depilogue.o(.text) for _double_round
    dfixul.o(.text) refers to llushr.o(.text) for __aeabi_llsr
    dfixul.o(.text) refers to llshl.o(.text) for __aeabi_llsl
    init.o(.text) refers to entry5.o(.ARM.Collect$$$$00000004) for __main_after_scatterload
    depilogue.o(.text) refers to llshl.o(.text) for __aeabi_llsl
    depilogue.o(.text) refers to llushr.o(.text) for __aeabi_llsr


==============================================================================

Removing Unused input sections from the image.

    Removing main.o(.rev16_text), (4 bytes).
    Removing main.o(.revsh_text), (4 bytes).
    Removing main.o(.rrx_text), (6 bytes).
    Removing project_hardware_init.o(.rev16_text), (4 bytes).
    Removing project_hardware_init.o(.revsh_text), (4 bytes).
    Removing project_hardware_init.o(.rrx_text), (6 bytes).
    Removing project_interrupts.o(.rev16_text), (4 bytes).
    Removing project_interrupts.o(.revsh_text), (4 bytes).
    Removing project_interrupts.o(.rrx_text), (6 bytes).
    Removing io_expander.o(.rev16_text), (4 bytes).
    Removing io_expander.o(.revsh_text), (4 bytes).
    Removing io_expander.o(.rrx_text), (6 bytes).
    Removing adc.o(.rev16_text), (4 bytes).
    Removing adc.o(.revsh_text), (4 bytes).
    Removing adc.o(.rrx_text), (6 bytes).
    Removing gpio_port.o(.rev16_text), (4 bytes).
    Removing gpio_port.o(.revsh_text), (4 bytes).
    Removing gpio_port.o(.rrx_text), (6 bytes).
    Removing i2c.o(.rev16_text), (4 bytes).
    Removing i2c.o(.revsh_text), (4 bytes).
    Removing i2c.o(.rrx_text), (6 bytes).
    Removing spi.o(.rev16_text), (4 bytes).
    Removing spi.o(.revsh_text), (4 bytes).
    Removing spi.o(.rrx_text), (6 bytes).
    Removing spi.o(.text), (352 bytes).
    Removing timers.o(.rev16_text), (4 bytes).
    Removing timers.o(.revsh_text), (4 bytes).
    Removing timers.o(.rrx_text), (6 bytes).
    Removing uart.o(.rev16_text), (4 bytes).
    Removing uart.o(.revsh_text), (4 bytes).
    Removing uart.o(.rrx_text), (6 bytes).
    Removing accel.o(.rev16_text), (4 bytes).
    Removing accel.o(.revsh_text), (4 bytes).
    Removing accel.o(.rrx_text), (6 bytes).
    Removing accel.o(.text), (224 bytes).
    Removing eeprom.o(.rev16_text), (4 bytes).
    Removing eeprom.o(.revsh_text), (4 bytes).
    Removing eeprom.o(.rrx_text), (6 bytes).
    Removing ft6x06.o(.rev16_text), (4 bytes).
    Removing ft6x06.o(.revsh_text), (4 bytes).
    Removing ft6x06.o(.rrx_text), (6 bytes).
    Removing launchpad_io.o(.rev16_text), (4 bytes).
    Removing launchpad_io.o(.revsh_text), (4 bytes).
    Removing launchpad_io.o(.rrx_text), (6 bytes).
    Removing lcd.o(.rev16_text), (4 bytes).
    Removing lcd.o(.revsh_text), (4 bytes).
    Removing lcd.o(.rrx_text), (6 bytes).
    Removing ps2.o(.rev16_text), (4 bytes).
    Removing ps2.o(.revsh_text), (4 bytes).
    Removing ps2.o(.rrx_text), (6 bytes).
    Removing serial_debug.o(.rev16_text), (4 bytes).
    Removing serial_debug.o(.revsh_text), (4 bytes).
    Removing serial_debug.o(.rrx_text), (6 bytes).
    Removing spi_select.o(.rev16_text), (4 bytes).
    Removing spi_select.o(.revsh_text), (4 bytes).
    Removing spi_select.o(.rrx_text), (6 bytes).
    Removing spi_select.o(.text), (164 bytes).
    Removing ws2812b.o(FLASH), (160 bytes).
    Removing system_tm4c123.o(.rev16_text), (4 bytes).
    Removing system_tm4c123.o(.revsh_text), (4 bytes).
    Removing system_tm4c123.o(.rrx_text), (6 bytes).
    Removing dadd.o(.text), (334 bytes).
    Removing dmul.o(.text), (228 bytes).
    Removing ddiv.o(.text), (222 bytes).
    Removing dfixul.o(.text), (48 bytes).
    Removing cdrcmple.o(.text), (48 bytes).
    Removing depilogue.o(.text), (186 bytes).

67 unused section(s) (total 2232 bytes) removed from the image.

==============================================================================

Image Symbol Table

    Local Symbols

    Symbol Name                              Value     Ov Type        Size  Object(Section)

    RESET                                    0x00000000   Section      620  startup_tm4c123.o(RESET)
    ../clib/microlib/division.c              0x00000000   Number         0  uldiv.o ABSOLUTE
    ../clib/microlib/division.c              0x00000000   Number         0  uidiv.o ABSOLUTE
    ../clib/microlib/init/entry.s            0x00000000   Number         0  entry.o ABSOLUTE
    ../clib/microlib/init/entry.s            0x00000000   Number         0  entry8b.o ABSOLUTE
    ../clib/microlib/init/entry.s            0x00000000   Number         0  entry10a.o ABSOLUTE
    ../clib/microlib/init/entry.s            0x00000000   Number         0  entry10b.o ABSOLUTE
    ../clib/microlib/init/entry.s            0x00000000   Number         0  entry11a.o ABSOLUTE
    ../clib/microlib/init/entry.s            0x00000000   Number         0  entry11b.o ABSOLUTE
    ../clib/microlib/init/entry.s            0x00000000   Number         0  entry9a.o ABSOLUTE
    ../clib/microlib/init/entry.s            0x00000000   Number         0  entry9b.o ABSOLUTE
    ../clib/microlib/init/entry.s            0x00000000   Number         0  entry7a.o ABSOLUTE
    ../clib/microlib/init/entry.s            0x00000000   Number         0  entry8a.o ABSOLUTE
    ../clib/microlib/init/entry.s            0x00000000   Number         0  entry7b.o ABSOLUTE
    ../clib/microlib/init/entry.s            0x00000000   Number         0  entry5.o ABSOLUTE
    ../clib/microlib/init/entry.s            0x00000000   Number         0  entry2.o ABSOLUTE
    ../clib/microlib/longlong.c              0x00000000   Number         0  llsshr.o ABSOLUTE
    ../clib/microlib/longlong.c              0x00000000   Number         0  llushr.o ABSOLUTE
    ../clib/microlib/longlong.c              0x00000000   Number         0  llshl.o ABSOLUTE
    ../clib/microlib/malloc/malloc.c         0x00000000   Number         0  malloc.o ABSOLUTE
    ../clib/microlib/malloc/malloc.c         0x00000000   Number         0  mallocra.o ABSOLUTE
    ../clib/microlib/malloc/malloc.c         0x00000000   Number         0  malloca.o ABSOLUTE
    ../clib/microlib/malloc/malloc.c         0x00000000   Number         0  mallocr.o ABSOLUTE
    ../clib/microlib/malloc/mvars.c          0x00000000   Number         0  mvars.o ABSOLUTE
    ../clib/microlib/printf/printf.c         0x00000000   Number         0  printf0.o ABSOLUTE
    ../clib/microlib/printf/printf.c         0x00000000   Number         0  printfb.o ABSOLUTE
    ../clib/microlib/printf/printf.c         0x00000000   Number         0  printf6.o ABSOLUTE
    ../clib/microlib/printf/printf.c         0x00000000   Number         0  printfa.o ABSOLUTE
    ../clib/microlib/printf/printf.c         0x00000000   Number         0  printf8.o ABSOLUTE
    ../clib/microlib/printf/printf.c         0x00000000   Number         0  printf7.o ABSOLUTE
    ../clib/microlib/printf/printf.c         0x00000000   Number         0  printf5.o ABSOLUTE
    ../clib/microlib/printf/printf.c         0x00000000   Number         0  printf3.o ABSOLUTE
    ../clib/microlib/printf/printf.c         0x00000000   Number         0  printf2.o ABSOLUTE
    ../clib/microlib/printf/printf.c         0x00000000   Number         0  printf4.o ABSOLUTE
    ../clib/microlib/printf/printf.c         0x00000000   Number         0  printf1.o ABSOLUTE
    ../clib/microlib/printf/stubs.s          0x00000000   Number         0  stubs.o ABSOLUTE
    ../clib/microlib/stdio/streams.c         0x00000000   Number         0  stdin.o ABSOLUTE
    ../clib/microlib/stdio/streams.c         0x00000000   Number         0  stdout.o ABSOLUTE
    ../clib/microlib/stdlib/rand.c           0x00000000   Number         0  rand.o ABSOLUTE
    ../clib/microlib/string/memcpy.c         0x00000000   Number         0  memcpyb.o ABSOLUTE
    ../clib/microlib/string/memcpy.c         0x00000000   Number         0  memcpya.o ABSOLUTE
    ../clib/microlib/stubs.s                 0x00000000   Number         0  iusefp.o ABSOLUTE
    ../fplib/microlib/fpadd.c                0x00000000   Number         0  dadd.o ABSOLUTE
    ../fplib/microlib/fpdiv.c                0x00000000   Number         0  ddiv.o ABSOLUTE
    ../fplib/microlib/fpepilogue.c           0x00000000   Number         0  depilogue.o ABSOLUTE
    ../fplib/microlib/fpfix.c                0x00000000   Number         0  dfixul.o ABSOLUTE
    ../fplib/microlib/fpmul.c                0x00000000   Number         0  dmul.o ABSOLUTE
    ..\\drivers\\c\\adc.c                    0x00000000   Number         0  adc.o ABSOLUTE
    ..\\drivers\\c\\gpio_port.c              0x00000000   Number         0  gpio_port.o ABSOLUTE
    ..\\drivers\\c\\i2c.c                    0x00000000   Number         0  i2c.o ABSOLUTE
    ..\\drivers\\c\\spi.c                    0x00000000   Number         0  spi.o ABSOLUTE
    ..\\drivers\\c\\timers.c                 0x00000000   Number         0  timers.o ABSOLUTE
    ..\\drivers\\c\\uart.c                   0x00000000   Number         0  uart.o ABSOLUTE
    ..\\peripherals\\c\\accel.c              0x00000000   Number         0  accel.o ABSOLUTE
    ..\\peripherals\\c\\eeprom.c             0x00000000   Number         0  eeprom.o ABSOLUTE
    ..\\peripherals\\c\\ft6x06.c             0x00000000   Number         0  ft6x06.o ABSOLUTE
    ..\\peripherals\\c\\launchpad_io.c       0x00000000   Number         0  launchpad_io.o ABSOLUTE
    ..\\peripherals\\c\\lcd.c                0x00000000   Number         0  lcd.o ABSOLUTE
    ..\\peripherals\\c\\ps2.c                0x00000000   Number         0  ps2.o ABSOLUTE
    ..\\peripherals\\c\\serial_debug.c       0x00000000   Number         0  serial_debug.o ABSOLUTE
    ..\\peripherals\\c\\spi_select.c         0x00000000   Number         0  spi_select.o ABSOLUTE
    ..\drivers\c\adc.c                       0x00000000   Number         0  adc.o ABSOLUTE
    ..\drivers\c\gpio_port.c                 0x00000000   Number         0  gpio_port.o ABSOLUTE
    ..\drivers\c\i2c.c                       0x00000000   Number         0  i2c.o ABSOLUTE
    ..\drivers\c\pc_buffer.c                 0x00000000   Number         0  pc_buffer.o ABSOLUTE
    ..\drivers\c\spi.c                       0x00000000   Number         0  spi.o ABSOLUTE
    ..\drivers\c\timers.c                    0x00000000   Number         0  timers.o ABSOLUTE
    ..\drivers\c\uart.c                      0x00000000   Number         0  uart.o ABSOLUTE
    ..\peripherals\c\accel.c                 0x00000000   Number         0  accel.o ABSOLUTE
    ..\peripherals\c\eeprom.c                0x00000000   Number         0  eeprom.o ABSOLUTE
    ..\peripherals\c\ft6x06.c                0x00000000   Number         0  ft6x06.o ABSOLUTE
    ..\peripherals\c\launchpad_io.c          0x00000000   Number         0  launchpad_io.o ABSOLUTE
    ..\peripherals\c\lcd.c                   0x00000000   Number         0  lcd.o ABSOLUTE
    ..\peripherals\c\ps2.c                   0x00000000   Number         0  ps2.o ABSOLUTE
    ..\peripherals\c\serial_debug.c          0x00000000   Number         0  serial_debug.o ABSOLUTE
    ..\peripherals\c\spi_select.c            0x00000000   Number         0  spi_select.o ABSOLUTE
    ..\peripherals\c\ws2812b.s               0x00000000   Number         0  ws2812b.o ABSOLUTE
    RTE\Device\TM4C123GH6PM\startup_TM4C123.s 0x00000000   Number         0  startup_tm4c123.o ABSOLUTE
    RTE\Device\TM4C123GH6PM\system_TM4C123.c 0x00000000   Number         0  system_tm4c123.o ABSOLUTE
    RTE\\Device\\TM4C123GH6PM\\system_TM4C123.c 0x00000000   Number         0  system_tm4c123.o ABSOLUTE
    cdrcmple.s                               0x00000000   Number         0  cdrcmple.o ABSOLUTE
    dc.s                                     0x00000000   Number         0  dc.o ABSOLUTE
    handlers.s                               0x00000000   Number         0  handlers.o ABSOLUTE
    init.s                                   0x00000000   Number         0  init.o ABSOLUTE
    io_expander.c                            0x00000000   Number         0  io_expander.o ABSOLUTE
    io_expander.c                            0x00000000   Number         0  io_expander.o ABSOLUTE
    main.c                                   0x00000000   Number         0  main.o ABSOLUTE
    main.c                                   0x00000000   Number         0  main.o ABSOLUTE
    project_hardware_init.c                  0x00000000   Number         0  project_hardware_init.o ABSOLUTE
    project_hardware_init.c                  0x00000000   Number         0  project_hardware_init.o ABSOLUTE
    project_images.c                         0x00000000   Number         0  project_images.o ABSOLUTE
    project_interrupts.c                     0x00000000   Number         0  project_interrupts.o ABSOLUTE
    project_interrupts.c                     0x00000000   Number         0  project_interrupts.o ABSOLUTE
    .ARM.Collect$$$$00000000                 0x0000026c   Section        0  entry.o(.ARM.Collect$$$$00000000)
    .ARM.Collect$$$$00000001                 0x0000026c   Section        4  entry2.o(.ARM.Collect$$$$00000001)
    .ARM.Collect$$$$00000004                 0x00000270   Section        4  entry5.o(.ARM.Collect$$$$00000004)
    .ARM.Collect$$$$00000008                 0x00000274   Section        0  entry7b.o(.ARM.Collect$$$$00000008)
    .ARM.Collect$$$$0000000A                 0x00000274   Section        0  entry8b.o(.ARM.Collect$$$$0000000A)
    .ARM.Collect$$$$0000000B                 0x00000274   Section        8  entry9a.o(.ARM.Collect$$$$0000000B)
    .ARM.Collect$$$$0000000D                 0x0000027c   Section        0  entry10a.o(.ARM.Collect$$$$0000000D)
    .ARM.Collect$$$$0000000F                 0x0000027c   Section        0  entry11a.o(.ARM.Collect$$$$0000000F)
    .ARM.Collect$$$$00002712                 0x0000027c   Section        4  entry2.o(.ARM.Collect$$$$00002712)
    __lit__00000000                          0x0000027c   Data           4  entry2.o(.ARM.Collect$$$$00002712)
    .text                                    0x00000280   Section        0  main.o(.text)
    .text                                    0x000012b8   Section        0  project_hardware_init.o(.text)
    .text                                    0x00001444   Section        0  project_interrupts.o(.text)
    .text                                    0x000016b4   Section        0  io_expander.o(.text)
    io_expander_wait_for_write               0x000016b5   Thumb Code    68  io_expander.o(.text)
    .text                                    0x0000185c   Section        0  adc.o(.text)
    .text                                    0x000018fc   Section        0  gpio_port.o(.text)
    verify_base_addr                         0x000018fd   Thumb Code    64  gpio_port.o(.text)
    .text                                    0x00001be8   Section        0  i2c.o(.text)
    .text                                    0x00001df0   Section        0  pc_buffer.o(.text)
    .text                                    0x00001e6c   Section        0  timers.o(.text)
    __NVIC_EnableIRQ                         0x00001e6d   Thumb Code    34  timers.o(.text)
    __NVIC_SetPriority                       0x00001e8f   Thumb Code    32  timers.o(.text)
    verify_base_addr                         0x00001eaf   Thumb Code    64  timers.o(.text)
    get_clock_masks                          0x00001f39   Thumb Code   106  timers.o(.text)
    .text                                    0x00002178   Section        0  uart.o(.text)
    .text                                    0x0000240c   Section        0  eeprom.o(.text)
    eeprom_wait_for_write                    0x0000240d   Thumb Code    68  eeprom.o(.text)
    .text                                    0x000025cc   Section        0  ft6x06.o(.text)
    ft6x06_set_addr                          0x000025cd   Thumb Code    52  ft6x06.o(.text)
    ft6x06_read_data                         0x00002601   Thumb Code    52  ft6x06.o(.text)
    .text                                    0x000027e4   Section        0  launchpad_io.o(.text)
    .text                                    0x000028a8   Section        0  lcd.o(.text)
    delayms                                  0x000028a9   Thumb Code    26  lcd.o(.text)
    lcd_write_cmd_u8                         0x000028c3   Thumb Code    40  lcd.o(.text)
    lcd_write_data_u8                        0x000028eb   Thumb Code    28  lcd.o(.text)
    .text                                    0x00002d38   Section        0  ps2.o(.text)
    ps2_configure_adc                        0x00002d39   Thumb Code   118  ps2.o(.text)
    initialize_adc_gpio_pins                 0x00002e07   Thumb Code    58  ps2.o(.text)
    .text                                    0x00002e88   Section        0  serial_debug.o(.text)
    .text                                    0x00003088   Section      252  startup_tm4c123.o(.text)
    $v0                                      0x00003088   Number         0  startup_tm4c123.o(.text)
    .text                                    0x00003184   Section        0  system_tm4c123.o(.text)
    getOscClk                                0x00003185   Thumb Code   182  system_tm4c123.o(.text)
    .text                                    0x000033d4   Section        0  rand.o(.text)
    .text                                    0x000033f8   Section        0  uldiv.o(.text)
    .text                                    0x0000345c   Section       36  init.o(.text)
    .text                                    0x00003480   Section        0  llshl.o(.text)
    .text                                    0x0000349e   Section        0  llushr.o(.text)
    i.__0printf$5                            0x000034c0   Section        0  printf5.o(i.__0printf$5)
    i.__scatterload_copy                     0x000034e0   Section       14  handlers.o(i.__scatterload_copy)
    i.__scatterload_null                     0x000034ee   Section        2  handlers.o(i.__scatterload_null)
    i.__scatterload_zeroinit                 0x000034f0   Section       14  handlers.o(i.__scatterload_zeroinit)
    i._printf_core                           0x00003500   Section        0  printf5.o(i._printf_core)
    _printf_core                             0x00003501   Thumb Code   658  printf5.o(i._printf_core)
    i.lcd_write_data_u16                     0x000037c0   Section        0  lcd.o(i.lcd_write_data_u16)
    i.malloc                                 0x000037fc   Section        0  malloc.o(i.malloc)
    .constdata                               0x00003868   Section       16  project_interrupts.o(.constdata)
    YLOCATION                                0x00003868   Data          16  project_interrupts.o(.constdata)
    .constdata                               0x00003878   Section    12851  project_images.o(.constdata)
    .data                                    0x20000000   Section       52  main.o(.data)
    .data                                    0x20000034   Section       14  project_interrupts.o(.data)
    lfsr                                     0x20000040   Data           2  project_interrupts.o(.data)
    .data                                    0x20000042   Section        2  serial_debug.o(.data)
    Rx_Interrupts_Enabled                    0x20000042   Data           1  serial_debug.o(.data)
    Tx_Interrupts_Enabled                    0x20000043   Data           1  serial_debug.o(.data)
    .data                                    0x20000044   Section        4  system_tm4c123.o(.data)
    .data                                    0x20000048   Section        4  stdin.o(.data)
    .data                                    0x2000004c   Section        4  rand.o(.data)
    _rand_state                              0x2000004c   Data           4  rand.o(.data)
    .data                                    0x20000050   Section        4  stdout.o(.data)
    .data                                    0x20000054   Section        4  mvars.o(.data)
    .data                                    0x20000058   Section        4  mvars.o(.data)
    .bss                                     0x2000005c   Section       28  serial_debug.o(.bss)
    HEAP                                     0x20000078   Section        0  startup_tm4c123.o(HEAP)
    STACK                                    0x20000078   Section     4096  startup_tm4c123.o(STACK)

    Global Symbols

    Symbol Name                              Value     Ov Type        Size  Object(Section)

    BuildAttributes$$THM_ISAv4$E$P$D$K$B$S$7EM$VFPi3$EXTD16$VFPS$VFMA$PE$A:L22UL41UL21$X:L11$S22US41US21$IEEE1$IW$USESV6$~STKCKD$USESV7$~SHL$OSPACE$ROPI$EBA8$MICROLIB$REQ8$EABIv2 0x00000000   Number         0  anon$$obj.o ABSOLUTE
    __ARM_use_no_argv                        0x00000000   Number         0  main.o ABSOLUTE
    __Vectors                                0x00000000   Data           4  startup_tm4c123.o(RESET)
    _printf_a                                0x00000000   Number         0  stubs.o ABSOLUTE
    _printf_c                                0x00000000   Number         0  stubs.o ABSOLUTE
    _printf_charcount                        0x00000000   Number         0  stubs.o ABSOLUTE
    _printf_d                                0x00000000   Number         0  stubs.o ABSOLUTE
    _printf_e                                0x00000000   Number         0  stubs.o ABSOLUTE
    _printf_f                                0x00000000   Number         0  stubs.o ABSOLUTE
    _printf_flags                            0x00000000   Number         0  stubs.o ABSOLUTE
    _printf_fp_dec                           0x00000000   Number         0  stubs.o ABSOLUTE
    _printf_fp_hex                           0x00000000   Number         0  stubs.o ABSOLUTE
    _printf_g                                0x00000000   Number         0  stubs.o ABSOLUTE
    _printf_i                                0x00000000   Number         0  stubs.o ABSOLUTE
    _printf_int_dec                          0x00000000   Number         0  stubs.o ABSOLUTE
    _printf_l                                0x00000000   Number         0  stubs.o ABSOLUTE
    _printf_lc                               0x00000000   Number         0  stubs.o ABSOLUTE
    _printf_ll                               0x00000000   Number         0  stubs.o ABSOLUTE
    _printf_lld                              0x00000000   Number         0  stubs.o ABSOLUTE
    _printf_lli                              0x00000000   Number         0  stubs.o ABSOLUTE
    _printf_llo                              0x00000000   Number         0  stubs.o ABSOLUTE
    _printf_llu                              0x00000000   Number         0  stubs.o ABSOLUTE
    _printf_llx                              0x00000000   Number         0  stubs.o ABSOLUTE
    _printf_longlong_dec                     0x00000000   Number         0  stubs.o ABSOLUTE
    _printf_longlong_hex                     0x00000000   Number         0  stubs.o ABSOLUTE
    _printf_longlong_oct                     0x00000000   Number         0  stubs.o ABSOLUTE
    _printf_ls                               0x00000000   Number         0  stubs.o ABSOLUTE
    _printf_mbtowc                           0x00000000   Number         0  stubs.o ABSOLUTE
    _printf_n                                0x00000000   Number         0  stubs.o ABSOLUTE
    _printf_o                                0x00000000   Number         0  stubs.o ABSOLUTE
    _printf_p                                0x00000000   Number         0  stubs.o ABSOLUTE
    _printf_percent                          0x00000000   Number         0  stubs.o ABSOLUTE
    _printf_pre_padding                      0x00000000   Number         0  stubs.o ABSOLUTE
    _printf_return_value                     0x00000000   Number         0  stubs.o ABSOLUTE
    _printf_s                                0x00000000   Number         0  stubs.o ABSOLUTE
    _printf_sizespec                         0x00000000   Number         0  stubs.o ABSOLUTE
    _printf_str                              0x00000000   Number         0  stubs.o ABSOLUTE
    _printf_truncate_signed                  0x00000000   Number         0  stubs.o ABSOLUTE
    _printf_truncate_unsigned                0x00000000   Number         0  stubs.o ABSOLUTE
    _printf_u                                0x00000000   Number         0  stubs.o ABSOLUTE
    _printf_wc                               0x00000000   Number         0  stubs.o ABSOLUTE
    _printf_wctomb                           0x00000000   Number         0  stubs.o ABSOLUTE
    _printf_widthprec                        0x00000000   Number         0  stubs.o ABSOLUTE
    _printf_x                                0x00000000   Number         0  stubs.o ABSOLUTE
    __cpp_initialize__aeabi_                  - Undefined Weak Reference
    __cxa_finalize                            - Undefined Weak Reference
    __decompress                              - Undefined Weak Reference
    _clock_init                               - Undefined Weak Reference
    _microlib_exit                            - Undefined Weak Reference
    __Vectors_End                            0x0000026c   Data           0  startup_tm4c123.o(RESET)
    __Vectors_Size                           0x0000026c   Number         0  startup_tm4c123.o ABSOLUTE
    __main                                   0x0000026d   Thumb Code     0  entry.o(.ARM.Collect$$$$00000000)
    _main_stk                                0x0000026d   Thumb Code     0  entry2.o(.ARM.Collect$$$$00000001)
    _main_scatterload                        0x00000271   Thumb Code     0  entry5.o(.ARM.Collect$$$$00000004)
    __main_after_scatterload                 0x00000275   Thumb Code     0  entry5.o(.ARM.Collect$$$$00000004)
    _main_clock                              0x00000275   Thumb Code     0  entry7b.o(.ARM.Collect$$$$00000008)
    _main_cpp_init                           0x00000275   Thumb Code     0  entry8b.o(.ARM.Collect$$$$0000000A)
    _main_init                               0x00000275   Thumb Code     0  entry9a.o(.ARM.Collect$$$$0000000B)
    __rt_final_cpp                           0x0000027d   Thumb Code     0  entry10a.o(.ARM.Collect$$$$0000000D)
    __rt_final_exit                          0x0000027d   Thumb Code     0  entry11a.o(.ARM.Collect$$$$0000000F)
    DisableInterrupts                        0x00000281   Thumb Code     4  main.o(.text)
    EnableInterrupts                         0x00000285   Thumb Code     4  main.o(.text)
    contact_edge                             0x00000289   Thumb Code    68  main.o(.text)
    move_image                               0x000002cd   Thumb Code    62  main.o(.text)
    check_if_hit                             0x0000030b   Thumb Code   780  main.o(.text)
    alert_trex                               0x00000617   Thumb Code   240  main.o(.text)
    draw_score                               0x00000707   Thumb Code   730  main.o(.text)
    alert_cactus                             0x000009e1   Thumb Code   174  main.o(.text)
    alert_grass                              0x00000a8f   Thumb Code   106  main.o(.text)
    alert_pter                               0x00000af9   Thumb Code   146  main.o(.text)
    update_health_bar                        0x00000b8b   Thumb Code   190  main.o(.text)
    debounce                                 0x00000c49   Thumb Code    62  main.o(.text)
    read_buttons                             0x00000c87   Thumb Code   388  main.o(.text)
    game_menu                                0x00000e0b   Thumb Code   220  main.o(.text)
    main                                     0x00000ee7   Thumb Code   724  main.o(.text)
    init_screen                              0x000012b9   Thumb Code    18  project_hardware_init.o(.text)
    init_timers                              0x000012cb   Thumb Code    70  project_hardware_init.o(.text)
    init_hardware                            0x00001311   Thumb Code   250  project_hardware_init.o(.text)
    generate_random_number                   0x00001445   Thumb Code    48  project_interrupts.o(.text)
    proc_pterodactyl                         0x00001475   Thumb Code    36  project_interrupts.o(.text)
    ps2_get_direction                        0x00001499   Thumb Code    64  project_interrupts.o(.text)
    TIMER1A_Handler                          0x000014d9   Thumb Code    46  project_interrupts.o(.text)
    TIMER2A_Handler                          0x00001507   Thumb Code    74  project_interrupts.o(.text)
    TIMER3A_Handler                          0x00001551   Thumb Code    66  project_interrupts.o(.text)
    GPIOF_Handler                            0x00001593   Thumb Code    48  project_interrupts.o(.text)
    TIMER4A_Handler                          0x000015c3   Thumb Code    48  project_interrupts.o(.text)
    TIMER5A_Handler                          0x000015f3   Thumb Code    42  project_interrupts.o(.text)
    ADC0SS2_Handler                          0x0000161d   Thumb Code    66  project_interrupts.o(.text)
    io_expander_byte_write                   0x000016f9   Thumb Code    88  io_expander.o(.text)
    io_expander_byte_read                    0x00001751   Thumb Code   106  io_expander.o(.text)
    io_expander_init                         0x000017bb   Thumb Code   156  io_expander.o(.text)
    initialize_adc                           0x0000185d   Thumb Code    88  adc.o(.text)
    get_adc_value                            0x000018b5   Thumb Code    58  adc.o(.text)
    gpio_get_irq_num                         0x0000193d   Thumb Code    74  gpio_port.o(.text)
    gpio_enable_port                         0x00001987   Thumb Code   156  gpio_port.o(.text)
    gpio_config_digital_enable               0x00001a23   Thumb Code    40  gpio_port.o(.text)
    gpio_config_enable_output                0x00001a4b   Thumb Code    40  gpio_port.o(.text)
    gpio_config_enable_input                 0x00001a73   Thumb Code    40  gpio_port.o(.text)
    gpio_config_enable_pullup                0x00001a9b   Thumb Code    40  gpio_port.o(.text)
    gpio_config_enable_pulldown              0x00001ac3   Thumb Code    40  gpio_port.o(.text)
    gpio_config_analog_enable                0x00001aeb   Thumb Code    50  gpio_port.o(.text)
    gpio_config_alternate_function           0x00001b1d   Thumb Code    40  gpio_port.o(.text)
    gpio_config_port_control                 0x00001b45   Thumb Code    54  gpio_port.o(.text)
    gpio_config_open_drain                   0x00001b7b   Thumb Code    34  gpio_port.o(.text)
    gpio_config_falling_edge_irq             0x00001b9d   Thumb Code    44  gpio_port.o(.text)
    initializeI2CMaster                      0x00001be9   Thumb Code   160  i2c.o(.text)
    i2cVerifyBaseAddr                        0x00001c89   Thumb Code    36  i2c.o(.text)
    i2cSetSlaveAddr                          0x00001cad   Thumb Code    30  i2c.o(.text)
    i2cStop                                  0x00001ccb   Thumb Code    26  i2c.o(.text)
    I2CMasterBusy                            0x00001ce5   Thumb Code    34  i2c.o(.text)
    I2CMasterAdrAck                          0x00001d07   Thumb Code    34  i2c.o(.text)
    I2CMasterDatAck                          0x00001d29   Thumb Code    34  i2c.o(.text)
    i2cSendByte                              0x00001d4b   Thumb Code    82  i2c.o(.text)
    i2cGetByte                               0x00001d9d   Thumb Code    60  i2c.o(.text)
    pc_buffer_init                           0x00001df1   Thumb Code    26  pc_buffer.o(.text)
    pc_buffer_add                            0x00001e0b   Thumb Code    28  pc_buffer.o(.text)
    pc_buffer_remove                         0x00001e27   Thumb Code    30  pc_buffer.o(.text)
    pc_buffer_empty                          0x00001e45   Thumb Code    18  pc_buffer.o(.text)
    pc_buffer_full                           0x00001e57   Thumb Code    22  pc_buffer.o(.text)
    timer_get_irq_num                        0x00001eef   Thumb Code    74  timers.o(.text)
    gp_timer_wait                            0x00001fa3   Thumb Code    66  timers.o(.text)
    gp_timer_config_32                       0x00001fe5   Thumb Code   190  timers.o(.text)
    gp_timer_config_16                       0x000020a3   Thumb Code   190  timers.o(.text)
    verify_uart_base                         0x00002179   Thumb Code    54  uart.o(.text)
    uart_get_rcgc_mask                       0x000021af   Thumb Code    68  uart.o(.text)
    uart_get_pr_mask                         0x000021f3   Thumb Code    68  uart.o(.text)
    uart_get_irq_num                         0x00002237   Thumb Code    68  uart.o(.text)
    uart_tx_poll                             0x0000227b   Thumb Code    38  uart.o(.text)
    uart_tx_poll_string                      0x000022a1   Thumb Code    50  uart.o(.text)
    uart_rx_poll                             0x000022d3   Thumb Code    70  uart.o(.text)
    uart_init                                0x00002319   Thumb Code   222  uart.o(.text)
    eeprom_byte_write                        0x00002451   Thumb Code   100  eeprom.o(.text)
    eeprom_byte_read                         0x000024b5   Thumb Code   118  eeprom.o(.text)
    eeprom_init                              0x0000252b   Thumb Code   156  eeprom.o(.text)
    ft6x06_read_td_status                    0x00002635   Thumb Code    44  ft6x06.o(.text)
    ft6x06_read_x                            0x00002661   Thumb Code   112  ft6x06.o(.text)
    ft6x06_read_y                            0x000026d1   Thumb Code   116  ft6x06.o(.text)
    ft6x06_init                              0x00002745   Thumb Code   156  ft6x06.o(.text)
    lp_io_set_pin                            0x000027e5   Thumb Code    18  launchpad_io.o(.text)
    lp_io_clear_pin                          0x000027f7   Thumb Code    18  launchpad_io.o(.text)
    lp_io_read_pin                           0x00002809   Thumb Code    22  launchpad_io.o(.text)
    lp_io_init                               0x0000281f   Thumb Code   112  launchpad_io.o(.text)
    lcd_set_pos                              0x00002907   Thumb Code    58  lcd.o(.text)
    lcd_clear_screen                         0x00002941   Thumb Code    52  lcd.o(.text)
    lcd_draw_image                           0x00002975   Thumb Code   242  lcd.o(.text)
    lcd_config_gpio                          0x00002a67   Thumb Code   152  lcd.o(.text)
    lcd_config_screen                        0x00002aff   Thumb Code   568  lcd.o(.text)
    ps2_initialize_adc                       0x00002daf   Thumb Code    88  ps2.o(.text)
    ps2_initialize                           0x00002e41   Thumb Code    12  ps2.o(.text)
    ps2_get_x                                0x00002e4d   Thumb Code    18  ps2.o(.text)
    ps2_get_y                                0x00002e5f   Thumb Code    18  ps2.o(.text)
    init_serial_debug                        0x00002e89   Thumb Code   102  serial_debug.o(.text)
    serial_debug_rx                          0x00002eef   Thumb Code    46  serial_debug.o(.text)
    serial_debug_tx                          0x00002f1d   Thumb Code    84  serial_debug.o(.text)
    fgetc                                    0x00002f71   Thumb Code    42  serial_debug.o(.text)
    fputc                                    0x00002f9b   Thumb Code    66  serial_debug.o(.text)
    UART0_Handler                            0x00002fdd   Thumb Code   152  serial_debug.o(.text)
    Reset_Handler                            0x00003089   Thumb Code     8  startup_tm4c123.o(.text)
    NMI_Handler                              0x00003091   Thumb Code     2  startup_tm4c123.o(.text)
    HardFault_Handler                        0x00003093   Thumb Code     2  startup_tm4c123.o(.text)
    MemManage_Handler                        0x00003095   Thumb Code     2  startup_tm4c123.o(.text)
    BusFault_Handler                         0x00003097   Thumb Code     2  startup_tm4c123.o(.text)
    UsageFault_Handler                       0x00003099   Thumb Code     2  startup_tm4c123.o(.text)
    SVC_Handler                              0x0000309b   Thumb Code     2  startup_tm4c123.o(.text)
    DebugMon_Handler                         0x0000309d   Thumb Code     2  startup_tm4c123.o(.text)
    PendSV_Handler                           0x0000309f   Thumb Code     2  startup_tm4c123.o(.text)
    SysTick_Handler                          0x000030a1   Thumb Code     2  startup_tm4c123.o(.text)
    GPIOA_Handler                            0x000030a3   Thumb Code     2  startup_tm4c123.o(.text)
    GPIOB_Handler                            0x000030a5   Thumb Code     2  startup_tm4c123.o(.text)
    GPIOC_Handler                            0x000030a7   Thumb Code     2  startup_tm4c123.o(.text)
    GPIOD_Handler                            0x000030a9   Thumb Code     2  startup_tm4c123.o(.text)
    GPIOE_Handler                            0x000030ab   Thumb Code     2  startup_tm4c123.o(.text)
    UART1_Handler                            0x000030af   Thumb Code     2  startup_tm4c123.o(.text)
    SSI0_Handler                             0x000030b1   Thumb Code     2  startup_tm4c123.o(.text)
    I2C0_Handler                             0x000030b3   Thumb Code     2  startup_tm4c123.o(.text)
    PMW0_FAULT_Handler                       0x000030b5   Thumb Code     2  startup_tm4c123.o(.text)
    PWM0_0_Handler                           0x000030b7   Thumb Code     2  startup_tm4c123.o(.text)
    PWM0_1_Handler                           0x000030b9   Thumb Code     2  startup_tm4c123.o(.text)
    PWM0_2_Handler                           0x000030bb   Thumb Code     2  startup_tm4c123.o(.text)
    QEI0_Handler                             0x000030bd   Thumb Code     2  startup_tm4c123.o(.text)
    ADC0SS0_Handler                          0x000030bf   Thumb Code     2  startup_tm4c123.o(.text)
    ADC0SS1_Handler                          0x000030c1   Thumb Code     2  startup_tm4c123.o(.text)
    ADC0SS3_Handler                          0x000030c5   Thumb Code     2  startup_tm4c123.o(.text)
    WDT0_Handler                             0x000030c7   Thumb Code     2  startup_tm4c123.o(.text)
    TIMER0A_Handler                          0x000030c9   Thumb Code     2  startup_tm4c123.o(.text)
    TIMER0B_Handler                          0x000030cb   Thumb Code     2  startup_tm4c123.o(.text)
    TIMER1B_Handler                          0x000030cf   Thumb Code     2  startup_tm4c123.o(.text)
    TIMER2B_Handler                          0x000030d3   Thumb Code     2  startup_tm4c123.o(.text)
    COMP0_Handler                            0x000030d5   Thumb Code     2  startup_tm4c123.o(.text)
    COMP1_Handler                            0x000030d7   Thumb Code     2  startup_tm4c123.o(.text)
    COMP2_Handler                            0x000030d9   Thumb Code     2  startup_tm4c123.o(.text)
    SYSCTL_Handler                           0x000030db   Thumb Code     2  startup_tm4c123.o(.text)
    FLASH_Handler                            0x000030dd   Thumb Code     2  startup_tm4c123.o(.text)
    GPIOG_Handler                            0x000030e1   Thumb Code     2  startup_tm4c123.o(.text)
    GPIOH_Handler                            0x000030e3   Thumb Code     2  startup_tm4c123.o(.text)
    UART2_Handler                            0x000030e5   Thumb Code     2  startup_tm4c123.o(.text)
    SSI1_Handler                             0x000030e7   Thumb Code     2  startup_tm4c123.o(.text)
    TIMER3B_Handler                          0x000030eb   Thumb Code     2  startup_tm4c123.o(.text)
    I2C1_Handler                             0x000030ed   Thumb Code     2  startup_tm4c123.o(.text)
    QEI1_Handler                             0x000030ef   Thumb Code     2  startup_tm4c123.o(.text)
    CAN0_Handler                             0x000030f1   Thumb Code     2  startup_tm4c123.o(.text)
    CAN1_Handler                             0x000030f3   Thumb Code     2  startup_tm4c123.o(.text)
    CAN2_Handler                             0x000030f5   Thumb Code     2  startup_tm4c123.o(.text)
    HIB_Handler                              0x000030f7   Thumb Code     2  startup_tm4c123.o(.text)
    USB0_Handler                             0x000030f9   Thumb Code     2  startup_tm4c123.o(.text)
    PWM0_3_Handler                           0x000030fb   Thumb Code     2  startup_tm4c123.o(.text)
    UDMA_Handler                             0x000030fd   Thumb Code     2  startup_tm4c123.o(.text)
    UDMAERR_Handler                          0x000030ff   Thumb Code     2  startup_tm4c123.o(.text)
    ADC1SS0_Handler                          0x00003101   Thumb Code     2  startup_tm4c123.o(.text)
    ADC1SS1_Handler                          0x00003103   Thumb Code     2  startup_tm4c123.o(.text)
    ADC1SS2_Handler                          0x00003105   Thumb Code     2  startup_tm4c123.o(.text)
    ADC1SS3_Handler                          0x00003107   Thumb Code     2  startup_tm4c123.o(.text)
    GPIOJ_Handler                            0x00003109   Thumb Code     2  startup_tm4c123.o(.text)
    GPIOK_Handler                            0x0000310b   Thumb Code     2  startup_tm4c123.o(.text)
    GPIOL_Handler                            0x0000310d   Thumb Code     2  startup_tm4c123.o(.text)
    SSI2_Handler                             0x0000310f   Thumb Code     2  startup_tm4c123.o(.text)
    SSI3_Handler                             0x00003111   Thumb Code     2  startup_tm4c123.o(.text)
    UART3_Handler                            0x00003113   Thumb Code     2  startup_tm4c123.o(.text)
    UART4_Handler                            0x00003115   Thumb Code     2  startup_tm4c123.o(.text)
    UART5_Handler                            0x00003117   Thumb Code     2  startup_tm4c123.o(.text)
    UART6_Handler                            0x00003119   Thumb Code     2  startup_tm4c123.o(.text)
    UART7_Handler                            0x0000311b   Thumb Code     2  startup_tm4c123.o(.text)
    I2C2_Handler                             0x0000311d   Thumb Code     2  startup_tm4c123.o(.text)
    I2C3_Handler                             0x0000311f   Thumb Code     2  startup_tm4c123.o(.text)
    TIMER4B_Handler                          0x00003123   Thumb Code     2  startup_tm4c123.o(.text)
    TIMER5B_Handler                          0x00003127   Thumb Code     2  startup_tm4c123.o(.text)
    WTIMER0A_Handler                         0x00003129   Thumb Code     2  startup_tm4c123.o(.text)
    WTIMER0B_Handler                         0x0000312b   Thumb Code     2  startup_tm4c123.o(.text)
    WTIMER1A_Handler                         0x0000312d   Thumb Code     2  startup_tm4c123.o(.text)
    WTIMER1B_Handler                         0x0000312f   Thumb Code     2  startup_tm4c123.o(.text)
    WTIMER2A_Handler                         0x00003131   Thumb Code     2  startup_tm4c123.o(.text)
    WTIMER2B_Handler                         0x00003133   Thumb Code     2  startup_tm4c123.o(.text)
    WTIMER3A_Handler                         0x00003135   Thumb Code     2  startup_tm4c123.o(.text)
    WTIMER3B_Handler                         0x00003137   Thumb Code     2  startup_tm4c123.o(.text)
    WTIMER4A_Handler                         0x00003139   Thumb Code     2  startup_tm4c123.o(.text)
    WTIMER4B_Handler                         0x0000313b   Thumb Code     2  startup_tm4c123.o(.text)
    WTIMER5A_Handler                         0x0000313d   Thumb Code     2  startup_tm4c123.o(.text)
    WTIMER5B_Handler                         0x0000313f   Thumb Code     2  startup_tm4c123.o(.text)
    FPU_Handler                              0x00003141   Thumb Code     2  startup_tm4c123.o(.text)
    I2C4_Handler                             0x00003143   Thumb Code     2  startup_tm4c123.o(.text)
    I2C5_Handler                             0x00003145   Thumb Code     2  startup_tm4c123.o(.text)
    GPIOM_Handler                            0x00003147   Thumb Code     2  startup_tm4c123.o(.text)
    GPION_Handler                            0x00003149   Thumb Code     2  startup_tm4c123.o(.text)
    QEI2_Handler                             0x0000314b   Thumb Code     2  startup_tm4c123.o(.text)
    GPIOP0_Handler                           0x0000314d   Thumb Code     2  startup_tm4c123.o(.text)
    GPIOP1_Handler                           0x0000314f   Thumb Code     2  startup_tm4c123.o(.text)
    GPIOP2_Handler                           0x00003151   Thumb Code     2  startup_tm4c123.o(.text)
    GPIOP3_Handler                           0x00003153   Thumb Code     2  startup_tm4c123.o(.text)
    GPIOP4_Handler                           0x00003155   Thumb Code     2  startup_tm4c123.o(.text)
    GPIOP5_Handler                           0x00003157   Thumb Code     2  startup_tm4c123.o(.text)
    GPIOP6_Handler                           0x00003159   Thumb Code     2  startup_tm4c123.o(.text)
    GPIOP7_Handler                           0x0000315b   Thumb Code     2  startup_tm4c123.o(.text)
    GPIOQ0_Handler                           0x0000315d   Thumb Code     2  startup_tm4c123.o(.text)
    GPIOQ1_Handler                           0x0000315f   Thumb Code     2  startup_tm4c123.o(.text)
    GPIOQ2_Handler                           0x00003161   Thumb Code     2  startup_tm4c123.o(.text)
    GPIOQ3_Handler                           0x00003163   Thumb Code     2  startup_tm4c123.o(.text)
    GPIOQ4_Handler                           0x00003165   Thumb Code     2  startup_tm4c123.o(.text)
    GPIOQ5_Handler                           0x00003167   Thumb Code     2  startup_tm4c123.o(.text)
    GPIOQ6_Handler                           0x00003169   Thumb Code     2  startup_tm4c123.o(.text)
    GPIOQ7_Handler                           0x0000316b   Thumb Code     2  startup_tm4c123.o(.text)
    GPIOR_Handler                            0x0000316d   Thumb Code     2  startup_tm4c123.o(.text)
    GPIOS_Handler                            0x0000316f   Thumb Code     2  startup_tm4c123.o(.text)
    PMW1_0_Handler                           0x00003171   Thumb Code     2  startup_tm4c123.o(.text)
    PWM1_1_Handler                           0x00003173   Thumb Code     2  startup_tm4c123.o(.text)
    PWM1_2_Handler                           0x00003175   Thumb Code     2  startup_tm4c123.o(.text)
    PWM1_3_Handler                           0x00003177   Thumb Code     2  startup_tm4c123.o(.text)
    PWM1_FAULT_Handler                       0x00003179   Thumb Code     2  startup_tm4c123.o(.text)
    SystemCoreClockUpdate                    0x0000323b   Thumb Code   184  system_tm4c123.o(.text)
    SystemInit                               0x000032f3   Thumb Code   112  system_tm4c123.o(.text)
    rand                                     0x000033d5   Thumb Code    20  rand.o(.text)
    srand                                    0x000033e9   Thumb Code     6  rand.o(.text)
    __aeabi_uldivmod                         0x000033f9   Thumb Code    98  uldiv.o(.text)
    __scatterload                            0x0000345d   Thumb Code    28  init.o(.text)
    __scatterload_rt2                        0x0000345d   Thumb Code     0  init.o(.text)
    __aeabi_llsl                             0x00003481   Thumb Code    30  llshl.o(.text)
    _ll_shift_l                              0x00003481   Thumb Code     0  llshl.o(.text)
    __aeabi_llsr                             0x0000349f   Thumb Code    32  llushr.o(.text)
    _ll_ushift_r                             0x0000349f   Thumb Code     0  llushr.o(.text)
    __0printf$5                              0x000034c1   Thumb Code    22  printf5.o(i.__0printf$5)
    __1printf$5                              0x000034c1   Thumb Code     0  printf5.o(i.__0printf$5)
    __2printf                                0x000034c1   Thumb Code     0  printf5.o(i.__0printf$5)
    __scatterload_copy                       0x000034e1   Thumb Code    14  handlers.o(i.__scatterload_copy)
    __scatterload_null                       0x000034ef   Thumb Code     2  handlers.o(i.__scatterload_null)
    __scatterload_zeroinit                   0x000034f1   Thumb Code    14  handlers.o(i.__scatterload_zeroinit)
    lcd_write_data_u16                       0x000037c1   Thumb Code    48  lcd.o(i.lcd_write_data_u16)
    malloc                                   0x000037fd   Thumb Code    92  malloc.o(i.malloc)
    game_titleBitmaps                        0x00003878   Data         700  project_images.o(.constdata)
    game_titleWidthPixels                    0x00003b34   Data           1  project_images.o(.constdata)
    game_titleHeightPixels                   0x00003b35   Data           1  project_images.o(.constdata)
    trexstandingBitmaps                      0x00003b36   Data         408  project_images.o(.constdata)
    trexstandingWidthPixels                  0x00003cce   Data           1  project_images.o(.constdata)
    trexstandingHeightPixels                 0x00003ccf   Data           1  project_images.o(.constdata)
    trexcrouchingBitmaps                     0x00003cd0   Data         304  project_images.o(.constdata)
    trexcrouchingWidthPixels                 0x00003e00   Data           1  project_images.o(.constdata)
    trexcrouchingHeightPixels                0x00003e01   Data           1  project_images.o(.constdata)
    pterodactylBitmaps                       0x00003e02   Data         174  project_images.o(.constdata)
    pterodactylWidthPixels                   0x00003eb0   Data           1  project_images.o(.constdata)
    pterodactylHeightPixels                  0x00003eb1   Data           1  project_images.o(.constdata)
    cactusBitmaps                            0x00003eb2   Data         225  project_images.o(.constdata)
    cactusWidthPixels                        0x00003f93   Data           1  project_images.o(.constdata)
    cactusHeightPixels                       0x00003f94   Data           1  project_images.o(.constdata)
    grasstuftsmolBitmaps                     0x00003f95   Data          60  project_images.o(.constdata)
    grasstuftsmolWidthPixels                 0x00003fd1   Data           1  project_images.o(.constdata)
    grasstuftsmolHeightPixels                0x00003fd2   Data           1  project_images.o(.constdata)
    start_btnBitmaps                         0x00003fd3   Data        1950  project_images.o(.constdata)
    start_btnWidthPixels                     0x00004771   Data           1  project_images.o(.constdata)
    start_btnHeightPixels                    0x00004772   Data           1  project_images.o(.constdata)
    gameoverBitmaps                          0x00004773   Data        3450  project_images.o(.constdata)
    gameoverWidthPixels                      0x000054ed   Data           1  project_images.o(.constdata)
    gameoverHeightPixels                     0x000054ee   Data           1  project_images.o(.constdata)
    groundBitmaps                            0x000054ef   Data        2700  project_images.o(.constdata)
    groundWidthPixels                        0x00005f7b   Data           1  project_images.o(.constdata)
    groundHeightPixels                       0x00005f7c   Data           1  project_images.o(.constdata)
    _1Bitmaps                                0x00005f7d   Data         114  project_images.o(.constdata)
    _1WidthPixels                            0x00005fef   Data           1  project_images.o(.constdata)
    _1HeightPixels                           0x00005ff0   Data           1  project_images.o(.constdata)
    _2Bitmaps                                0x00005ff1   Data         117  project_images.o(.constdata)
    _2WidthPixels                            0x00006066   Data           1  project_images.o(.constdata)
    _2HeightPixels                           0x00006067   Data           1  project_images.o(.constdata)
    _3Bitmaps                                0x00006068   Data         120  project_images.o(.constdata)
    _3WidthPixels                            0x000060e0   Data           1  project_images.o(.constdata)
    _3HeightPixels                           0x000060e1   Data           1  project_images.o(.constdata)
    _4Bitmaps                                0x000060e2   Data         152  project_images.o(.constdata)
    _4WidthPixels                            0x0000617a   Data           1  project_images.o(.constdata)
    _4HeightPixels                           0x0000617b   Data           1  project_images.o(.constdata)
    _5Bitmaps                                0x0000617c   Data         117  project_images.o(.constdata)
    _5WidthPixels                            0x000061f1   Data           1  project_images.o(.constdata)
    _5HeightPixels                           0x000061f2   Data           1  project_images.o(.constdata)
    _6Bitmaps                                0x000061f3   Data         120  project_images.o(.constdata)
    _6WidthPixels                            0x0000626b   Data           1  project_images.o(.constdata)
    _6HeightPixels                           0x0000626c   Data           1  project_images.o(.constdata)
    _7Bitmaps                                0x0000626d   Data         114  project_images.o(.constdata)
    _7WidthPixels                            0x000062df   Data           1  project_images.o(.constdata)
    _7HeightPixels                           0x000062e0   Data           1  project_images.o(.constdata)
    _8Bitmaps                                0x000062e1   Data         120  project_images.o(.constdata)
    _8WidthPixels                            0x00006359   Data           1  project_images.o(.constdata)
    _8HeightPixels                           0x0000635a   Data           1  project_images.o(.constdata)
    _9Bitmaps                                0x0000635b   Data         120  project_images.o(.constdata)
    _9WidthPixels                            0x000063d3   Data           1  project_images.o(.constdata)
    _9HeightPixels                           0x000063d4   Data           1  project_images.o(.constdata)
    _0Bitmaps                                0x000063d5   Data         160  project_images.o(.constdata)
    _0WidthPixels                            0x00006475   Data           1  project_images.o(.constdata)
    _0HeightPixels                           0x00006476   Data           1  project_images.o(.constdata)
    score1Bitmaps                            0x00006477   Data         720  project_images.o(.constdata)
    score1WidthPixels                        0x00006747   Data           1  project_images.o(.constdata)
    score1HeightPixels                       0x00006748   Data           1  project_images.o(.constdata)
    high_scoreBitmaps                        0x00006749   Data         864  project_images.o(.constdata)
    high_scoreWidthPixels                    0x00006aa9   Data           1  project_images.o(.constdata)
    high_scoreHeightPixels                   0x00006aaa   Data           1  project_images.o(.constdata)
    Region$$Table$$Base                      0x00006aac   Number         0  anon$$obj.o(Region$$Table)
    Region$$Table$$Limit                     0x00006acc   Number         0  anon$$obj.o(Region$$Table)
    PTERODACTYL_X_COORD                      0x20000000   Data           2  main.o(.data)
    PTERODACTYL_Y_COORD                      0x20000002   Data           2  main.o(.data)
    TREX_X_COORD                             0x20000004   Data           2  main.o(.data)
    TREX_Y_COORD                             0x20000006   Data           2  main.o(.data)
    CACTUS_X_COORD                           0x20000008   Data           2  main.o(.data)
    CACTUS_Y_COORD                           0x2000000a   Data           2  main.o(.data)
    GRASS_X_COORD                            0x2000000c   Data           2  main.o(.data)
    GRASS_Y_COORD                            0x2000000e   Data           2  main.o(.data)
    ALERT_TREX                               0x20000010   Data           1  main.o(.data)
    ALERT_PTER                               0x20000011   Data           1  main.o(.data)
    CLEAR_PTER                               0x20000012   Data           1  main.o(.data)
    ALERT_CACTUS                             0x20000013   Data           1  main.o(.data)
    CLEAR_CACTUS                             0x20000014   Data           1  main.o(.data)
    ALERT_GRASS                              0x20000015   Data           1  main.o(.data)
    CLEAR_GRASS                              0x20000016   Data           1  main.o(.data)
    BUTTON_PRESS                             0x20000017   Data           1  main.o(.data)
    JUMP                                     0x20000018   Data           1  main.o(.data)
    CROUCH                                   0x20000019   Data           1  main.o(.data)
    PRESSED_EVEN                             0x2000001c   Data           4  main.o(.data)
    DEBOUNCE_INCREMENT                       0x20000020   Data           4  main.o(.data)
    APPEAR_PTER                              0x20000024   Data           2  main.o(.data)
    PAUSED                                   0x20000026   Data           1  main.o(.data)
    addr                                     0x20000028   Data           2  main.o(.data)
    SCORE                                    0x2000002a   Data           1  main.o(.data)
    HIGH_SCORE                               0x2000002b   Data           1  main.o(.data)
    SCORE_X_COORD                            0x2000002c   Data           2  main.o(.data)
    SCORE_Y_COORD                            0x2000002e   Data           2  main.o(.data)
    SCORE1_X_COORD                           0x20000030   Data           1  main.o(.data)
    SCORE1_Y_COORD                           0x20000031   Data           1  main.o(.data)
    SCORE0_X_COORD                           0x20000032   Data           1  main.o(.data)
    SCORE0_Y_COORD                           0x20000033   Data           1  main.o(.data)
    PS2_X_DATA                               0x20000034   Data           2  project_interrupts.o(.data)
    PS2_Y_DATA                               0x20000036   Data           2  project_interrupts.o(.data)
    PS2_DIR                                  0x20000038   Data           1  project_interrupts.o(.data)
    jump_count                               0x2000003a   Data           2  project_interrupts.o(.data)
    red                                      0x2000003c   Data           1  project_interrupts.o(.data)
    P_FLY                                    0x2000003d   Data           1  project_interrupts.o(.data)
    CACTUS_RUN                               0x2000003e   Data           1  project_interrupts.o(.data)
    SystemCoreClock                          0x20000044   Data           4  system_tm4c123.o(.data)
    __stdin                                  0x20000048   Data           4  stdin.o(.data)
    __stdout                                 0x20000050   Data           4  stdout.o(.data)
    __microlib_freelist                      0x20000054   Data           4  mvars.o(.data)
    __microlib_freelist_initialised          0x20000058   Data           4  mvars.o(.data)
    UART0_Tx_Buffer                          0x2000005c   Data          14  serial_debug.o(.bss)
    UART0_Rx_Buffer                          0x2000006a   Data          14  serial_debug.o(.bss)
    __heap_base                              0x20000078   Data           0  startup_tm4c123.o(HEAP)
    __heap_limit                             0x20000078   Data           0  startup_tm4c123.o(HEAP)
    __initial_sp                             0x20001078   Data           0  startup_tm4c123.o(STACK)



==============================================================================

Memory Map of the image

  Image Entry point : 0x00003089

  Load Region LR_1 (Base: 0x00000000, Size: 0x00006b28, Max: 0xffffffff, ABSOLUTE)

    Execution Region ER_RO (Exec base: 0x00000000, Load base: 0x00000000, Size: 0x00006acc, Max: 0xffffffff, ABSOLUTE)

    Exec Addr    Load Addr    Size         Type   Attr      Idx    E Section Name        Object

    0x00000000   0x00000000   0x0000026c   Data   RO          635    RESET               startup_tm4c123.o
    0x0000026c   0x0000026c   0x00000000   Code   RO          670  * .ARM.Collect$$$$00000000  mc_w.l(entry.o)
    0x0000026c   0x0000026c   0x00000004   Code   RO          966    .ARM.Collect$$$$00000001  mc_w.l(entry2.o)
    0x00000270   0x00000270   0x00000004   Code   RO          969    .ARM.Collect$$$$00000004  mc_w.l(entry5.o)
    0x00000274   0x00000274   0x00000000   Code   RO          971    .ARM.Collect$$$$00000008  mc_w.l(entry7b.o)
    0x00000274   0x00000274   0x00000000   Code   RO          973    .ARM.Collect$$$$0000000A  mc_w.l(entry8b.o)
    0x00000274   0x00000274   0x00000008   Code   RO          974    .ARM.Collect$$$$0000000B  mc_w.l(entry9a.o)
    0x0000027c   0x0000027c   0x00000000   Code   RO          976    .ARM.Collect$$$$0000000D  mc_w.l(entry10a.o)
    0x0000027c   0x0000027c   0x00000000   Code   RO          978    .ARM.Collect$$$$0000000F  mc_w.l(entry11a.o)
    0x0000027c   0x0000027c   0x00000004   Code   RO          967    .ARM.Collect$$$$00002712  mc_w.l(entry2.o)
    0x00000280   0x00000280   0x00001038   Code   RO            4    .text               main.o
    0x000012b8   0x000012b8   0x0000018c   Code   RO          140    .text               project_hardware_init.o
    0x00001444   0x00001444   0x00000270   Code   RO          172    .text               project_interrupts.o
    0x000016b4   0x000016b4   0x000001a8   Code   RO          219    .text               io_expander.o
    0x0000185c   0x0000185c   0x000000a0   Code   RO          250    .text               adc.o
    0x000018fc   0x000018fc   0x000002ec   Code   RO          274    .text               gpio_port.o
    0x00001be8   0x00001be8   0x00000208   Code   RO          298    .text               i2c.o
    0x00001df0   0x00001df0   0x0000007c   Code   RO          319    .text               pc_buffer.o
    0x00001e6c   0x00001e6c   0x0000030c   Code   RO          364    .text               timers.o
    0x00002178   0x00002178   0x00000294   Code   RO          392    .text               uart.o
    0x0000240c   0x0000240c   0x000001c0   Code   RO          446    .text               eeprom.o
    0x000025cc   0x000025cc   0x00000218   Code   RO          470    .text               ft6x06.o
    0x000027e4   0x000027e4   0x000000c4   Code   RO          494    .text               launchpad_io.o
    0x000028a8   0x000028a8   0x0000048e   Code   RO          518    .text               lcd.o
    0x00002d36   0x00002d36   0x00000002   PAD
    0x00002d38   0x00002d38   0x00000150   Code   RO          548    .text               ps2.o
    0x00002e88   0x00002e88   0x00000200   Code   RO          572    .text               serial_debug.o
    0x00003088   0x00003088   0x000000fc   Code   RO          636  * .text               startup_tm4c123.o
    0x00003184   0x00003184   0x00000250   Code   RO          643    .text               system_tm4c123.o
    0x000033d4   0x000033d4   0x00000024   Code   RO          674    .text               mc_w.l(rand.o)
    0x000033f8   0x000033f8   0x00000062   Code   RO          983    .text               mc_w.l(uldiv.o)
    0x0000345a   0x0000345a   0x00000002   PAD
    0x0000345c   0x0000345c   0x00000024   Code   RO         1002    .text               mc_w.l(init.o)
    0x00003480   0x00003480   0x0000001e   Code   RO         1004    .text               mc_w.l(llshl.o)
    0x0000349e   0x0000349e   0x00000020   Code   RO         1006    .text               mc_w.l(llushr.o)
    0x000034be   0x000034be   0x00000002   PAD
    0x000034c0   0x000034c0   0x00000020   Code   RO          810    i.__0printf$5       mc_w.l(printf5.o)
    0x000034e0   0x000034e0   0x0000000e   Code   RO         1014    i.__scatterload_copy  mc_w.l(handlers.o)
    0x000034ee   0x000034ee   0x00000002   Code   RO         1015    i.__scatterload_null  mc_w.l(handlers.o)
    0x000034f0   0x000034f0   0x0000000e   Code   RO         1016    i.__scatterload_zeroinit  mc_w.l(handlers.o)
    0x000034fe   0x000034fe   0x00000002   PAD
    0x00003500   0x00003500   0x000002c0   Code   RO          817    i._printf_core      mc_w.l(printf5.o)
    0x000037c0   0x000037c0   0x0000003c   Code   RO          536    i.lcd_write_data_u16  lcd.o
    0x000037fc   0x000037fc   0x0000006c   Code   RO          939    i.malloc            mc_w.l(malloc.o)
    0x00003868   0x00003868   0x00000010   Data   RO          173    .constdata          project_interrupts.o
    0x00003878   0x00003878   0x00003233   Data   RO          204    .constdata          project_images.o
    0x00006aab   0x00006aab   0x00000001   PAD
    0x00006aac   0x00006aac   0x00000020   Data   RO         1012    Region$$Table       anon$$obj.o


    Execution Region ER_RW (Exec base: 0x20000000, Load base: 0x00006acc, Size: 0x0000005c, Max: 0xffffffff, ABSOLUTE)

    Exec Addr    Load Addr    Size         Type   Attr      Idx    E Section Name        Object

    0x20000000   0x00006acc   0x00000034   Data   RW            5    .data               main.o
    0x20000034   0x00006b00   0x0000000e   Data   RW          174    .data               project_interrupts.o
    0x20000042   0x00006b0e   0x00000002   Data   RW          574    .data               serial_debug.o
    0x20000044   0x00006b10   0x00000004   Data   RW          644    .data               system_tm4c123.o
    0x20000048   0x00006b14   0x00000004   Data   RW          673    .data               mc_w.l(stdin.o)
    0x2000004c   0x00006b18   0x00000004   Data   RW          675    .data               mc_w.l(rand.o)
    0x20000050   0x00006b1c   0x00000004   Data   RW          980    .data               mc_w.l(stdout.o)
    0x20000054   0x00006b20   0x00000004   Data   RW          989    .data               mc_w.l(mvars.o)
    0x20000058   0x00006b24   0x00000004   Data   RW          990    .data               mc_w.l(mvars.o)


    Execution Region ER_ZI (Exec base: 0x2000005c, Load base: 0x00006b28, Size: 0x0000101c, Max: 0xffffffff, ABSOLUTE)

    Exec Addr    Load Addr    Size         Type   Attr      Idx    E Section Name        Object

    0x2000005c        -       0x0000001c   Zero   RW          573    .bss                serial_debug.o
    0x20000078        -       0x00000000   Zero   RW          634    HEAP                startup_tm4c123.o
    0x20000078        -       0x00001000   Zero   RW          633    STACK               startup_tm4c123.o


==============================================================================

Image component sizes


      Code (inc. data)   RO Data    RW Data    ZI Data      Debug   Object Name

       160         14          0          0          0       1551   adc.o
       448          6          0          0          0       2225   eeprom.o
       536          4          0          0          0       2596   ft6x06.o
       748         32          0          0          0       5678   gpio_port.o
       520         24          0          0          0       3777   i2c.o
       424          6          0          0          0       2172   io_expander.o
       196         26          0          0          0       1914   launchpad_io.o
      1226         30          0          0          0       3961   lcd.o
      4152        620          0         52          0      36442   main.o
       124          0          0          0          0       2039   pc_buffer.o
       396         58          0          0          0      32656   project_hardware_init.o
         0          0      12851          0          0       3943   project_images.o
       624         86         16         14          0       3254   project_interrupts.o
       336         24          0          0          0       1600   ps2.o
       512         20          0          2         28       5889   serial_debug.o
       252         10        620          0       4096       5492   startup_tm4c123.o
       592        138          0          4          0       1657   system_tm4c123.o
       780         24          0          0          0       3644   timers.o
       660         54          0          0          0       3628   uart.o

    ----------------------------------------------------------------------
     12688       1176      13520         72       4124     124118   Object Totals
         0          0         32          0          0          0   (incl. Generated)
         2          0          1          0          0          0   (incl. Padding)

    ----------------------------------------------------------------------

      Code (inc. data)   RO Data    RW Data    ZI Data      Debug   Library Member Name

         0          0          0          0          0          0   entry.o
         0          0          0          0          0          0   entry10a.o
         0          0          0          0          0          0   entry11a.o
         8          4          0          0          0          0   entry2.o
         4          0          0          0          0          0   entry5.o
         0          0          0          0          0          0   entry7b.o
         0          0          0          0          0          0   entry8b.o
         8          4          0          0          0          0   entry9a.o
        30          0          0          0          0          0   handlers.o
        36          8          0          0          0         68   init.o
        30          0          0          0          0         68   llshl.o
        32          0          0          0          0         68   llushr.o
       108         16          0          0          0         84   malloc.o
         0          0          0          8          0          0   mvars.o
       736         56          0          0          0        184   printf5.o
        36         10          0          4          0        136   rand.o
         0          0          0          4          0          0   stdin.o
         0          0          0          4          0          0   stdout.o
        98          0          0          0          0         92   uldiv.o

    ----------------------------------------------------------------------
      1132         98          0         20          0        700   Library Totals
         6          0          0          0          0          0   (incl. Padding)

    ----------------------------------------------------------------------

      Code (inc. data)   RO Data    RW Data    ZI Data      Debug   Library Name

      1126         98          0         20          0        700   mc_w.l

    ----------------------------------------------------------------------
      1132         98          0         20          0        700   Library Totals

    ----------------------------------------------------------------------

==============================================================================


      Code (inc. data)   RO Data    RW Data    ZI Data      Debug   

     13820       1274      13520         92       4124     122214   Grand Totals
     13820       1274      13520         92       4124     122214   ELF Image Totals
     13820       1274      13520         92          0          0   ROM Totals

==============================================================================

    Total RO  Size (Code + RO Data)                27340 (  26.70kB)
    Total RW  Size (RW Data + ZI Data)              4216 (   4.12kB)
    Total ROM Size (Code + RO Data + RW Data)      27432 (  26.79kB)

==============================================================================

