<html>
<body>
<pre>
<h1>µVision Build Log</h1>
<h2>Tool Versions:</h2>
IDE-Version: µVision V5.29.0.0
Copyright (C) 2019 ARM Ltd and ARM Germany GmbH. All rights reserved.
License Information: Brenna Kinder, UW Madison, LIC=----
 
Tool Versions:
Toolchain:       MDK-Lite  Version: 5.29.0.0
Toolchain Path:  C:\Keil_v5\ARM\ARMCC\Bin
C Compiler:      Armcc.exe V5.06 update 6 (build 750)
Assembler:       Armasm.exe V5.06 update 6 (build 750)
Linker/Locator:  ArmLink.exe V5.06 update 6 (build 750)
Library Manager: ArmAr.exe V5.06 update 6 (build 750)
Hex Converter:   FromElf.exe V5.06 update 6 (build 750)
CPU DLL:         SARMCM3.DLL V5.29.0.0
Dialog DLL:      DCM.DLL V1.17.3.0
Target DLL:      lmidk-agdi.dll V???
Dialog DLL:      TCM.DLL V1.36.5.0
 
<h2>Project:</h2>
C:\Users\bkind\Desktop\UW Madison\Spring 2020\ECE 353\353_ICE\ICE_Distribution\ICE_Distribution\ece353Team8\Project.uvprojx
Project File Date:  04/21/2020

<h2>Output:</h2>
*** Using Compiler 'V5.06 update 6 (build 750)', folder: 'C:\Keil_v5\ARM\ARMCC\Bin'
Rebuild target 'Project-F19'
compiling project_images.c...
compiling project_hardware_init.c...
compiling adc.c...
compiling io_expander.c...
compiling project_interrupts.c...
compiling i2c.c...
compiling main.c...
compiling gpio_port.c...
..\drivers\c\gpio_port.c(82): warning:  #188-D: enumerated type mixed with another type
         return 0;
..\drivers\c\gpio_port.c: 1 warning, 0 errors
compiling pc_buffer.c...
compiling spi.c...
compiling eeprom.c...
compiling ft6x06.c...
..\peripherals\c\ft6x06.c(161): warning:  #68-D: integer conversion resulted in a change of sign
      return -1;
..\peripherals\c\ft6x06.c(167): warning:  #68-D: integer conversion resulted in a change of sign
      return -1;
..\peripherals\c\ft6x06.c(176): warning:  #68-D: integer conversion resulted in a change of sign
      return -1;
..\peripherals\c\ft6x06.c(182): warning:  #68-D: integer conversion resulted in a change of sign
      return -1;
..\peripherals\c\ft6x06.c(211): warning:  #68-D: integer conversion resulted in a change of sign
      return -1;
..\peripherals\c\ft6x06.c(217): warning:  #68-D: integer conversion resulted in a change of sign
      return -1;
..\peripherals\c\ft6x06.c(226): warning:  #68-D: integer conversion resulted in a change of sign
      return -1;
..\peripherals\c\ft6x06.c(232): warning:  #68-D: integer conversion resulted in a change of sign
      return -1;
..\peripherals\c\ft6x06.c: 8 warnings, 0 errors
compiling accel.c...
..\peripherals\c\accel.c(10): warning:  #177-D: function "accel_CSN_low"  was declared but never referenced
  static __INLINE void  accel_CSN_low(void)
..\peripherals\c\accel.c(18): warning:  #177-D: function "accel_CSN_high"  was declared but never referenced
  static __INLINE void  accel_CSN_high(void)
..\peripherals\c\accel.c: 2 warnings, 0 errors
compiling timers.c...
..\drivers\c\timers.c(60): warning:  #188-D: enumerated type mixed with another type
         return 0;
..\drivers\c\timers.c: 1 warning, 0 errors
compiling uart.c...
..\drivers\c\uart.c(184): warning:  #188-D: enumerated type mixed with another type
         return 0;
..\drivers\c\uart.c: 1 warning, 0 errors
compiling launchpad_io.c...
assembling ws2812b.s...
compiling lcd.c...
assembling startup_TM4C123.s...
compiling spi_select.c...
compiling ps2.c...
compiling serial_debug.c...
..\peripherals\c\serial_debug.c(175): warning:  #177-D: variable "uart_base"  was declared but never referenced
     uint32_t uart_base;
..\peripherals\c\serial_debug.c(176): warning:  #177-D: variable "tx_buffer"  was declared but never referenced
     PC_Buffer *tx_buffer;
..\peripherals\c\serial_debug.c: 2 warnings, 0 errors
compiling system_TM4C123.c...
linking...
Program Size: Code=11848 RO-data=7144 RW-data=68 ZI-data=4124  
".\obj\ece353_base_project.axf" - 0 Error(s), 15 Warning(s).

<h2>Software Packages used:</h2>

Package Vendor: ARM
                http://www.keil.com/pack/ARM.CMSIS.5.6.0.pack
                ARM.CMSIS.5.6.0
                CMSIS (Cortex Microcontroller Software Interface Standard)
   * Component: CORE Version: 5.3.0

Package Vendor: Keil
                http://www.keil.com/pack/Keil.TM4C_DFP.1.1.0.pack
                Keil.TM4C_DFP.1.1.0
                Texas Instruments Tiva C Series Device Support and Examples
   * Component: Startup Version: 1.0.1

<h2>Collection of Component include folders:</h2>
  .\RTE\_Project-F19
  C:\Users\bkind\AppData\Local\Arm\Packs\ARM\CMSIS\5.6.0\CMSIS\Core\Include
  C:\Users\bkind\AppData\Local\Arm\Packs\Keil\TM4C_DFP\1.1.0\Device\Include\TM4C123

<h2>Collection of Component Files used:</h2>

   * Component: ARM::CMSIS:CORE:5.3.0

   * Component: Keil::Device:Startup:1.0.1
      Source file:   Device\Source\system_TM4C123.c
      Include file:  Device\Include\TM4C123\TM4C123.h
      Source file:   Device\Source\ARM\startup_TM4C123.s
Build Time Elapsed:  00:00:02
</pre>
</body>
</html>
